
Memory Configuration

Name             Origin             Length             Attributes
*default*        0x0000000000000000 0xffffffffffffffff

Linker script and memory map

LOAD kpatch_asm.o
LOAD /opt/ps2dev/ee/lib/gcc-lib/ee/3.2.3/libgcc.a
LOAD /opt/ps2dev/ee/lib/gcc-lib/ee/3.2.3/../../../../ee/lib/libps2sdkc.a
LOAD /opt/ps2dev/ee/lib/gcc-lib/ee/3.2.3/../../../../ee/lib/libkernel.a
LOAD /opt/ps2dev/ee/lib/gcc-lib/ee/3.2.3/../../../../ee/lib/libc.a
LOAD /opt/ps2dev/ee/lib/gcc-lib/ee/3.2.3/../../../../ee/lib/libg.a
LOAD /opt/ps2dev/ee/lib/gcc-lib/ee/3.2.3/../../../../ee/lib/libm.a
LOAD /opt/ps2dev/ee/lib/gcc-lib/ee/3.2.3/libgcc.a

.text           0x0000000080074000      0x2bc
                0x0000000080074000                _ftext = .
 *(.text)
 .text          0x0000000080074000      0x2b4 kpatch_asm.o
                0x0000000080074000                SoftPeripheralEEReset
                0x00000000800740c0                ExecPS2CleanUp
 *(.text.*)
 *(.gnu.linkonce.t*)
                0x00000000800742b4        0x8 QUAD 0x0

.rodata         0x0000000080074300       0x50
 *(.rodata)
 .rodata        0x0000000080074300       0x50 kpatch_asm.o
                0x0000000080074344                p_ResetEE
                0x000000008007431c                p_DeleteThread
                0x0000000080074330                p_kFNC80002a80
                0x0000000080074320                p_kFNC80004e68
                0x0000000080074348                p_InitializeFPU
                0x0000000080074308                p_elfargs
                0x000000008007434c                p_InitializeScratchPad
                0x000000008007430c                p_80017400
                0x0000000080074300                p_program_thid
                0x0000000080074310                p_CancelWakeUpThread
                0x0000000080074328                p_bcopy
                0x0000000080074318                p_TerminateThread
                0x0000000080074324                p_kFNC800021b0
                0x0000000080074340                p_InitializeTIMER
                0x000000008007432c                p_kFNC80002ac0
                0x0000000080074304                p_800125f4
                0x000000008007433c                p_InitializeINTC
                0x0000000080074338                p_SetGSCrt
                0x0000000080074334                p_InitializeGS
                0x0000000080074314                p_ChangeThreadPriority
 *(.rodata.*)
 *(.gnu.linkonce.r*)
OUTPUT(kpatch.elf elf32-littlemips)

.data           0x0000000080074350        0x0

.bss            0x0000000080074350        0x0

.reginfo        0x0000000000000000       0x18
 .reginfo       0x0000000000000000       0x18 kpatch_asm.o

.mdebug
