Archive member included because of file (symbol)

/opt/ps2dev/ps2sdk/ee/lib/libpatches.a(smem.o)
                              modmgr.o (smem_read)
/opt/ps2dev/ps2sdk/ee/lib/libpatches.a(smod.o)
                              modmgr.o (smod_get_next_mod)
/opt/ps2dev/ps2sdk/ee/lib/libpatches.a(patch_enable_lmb.o)
                              util.o (sbv_patch_enable_lmb)
/opt/ps2dev/ps2sdk/ee/lib/libpatches.a(patch_disable_prefix_check.o)
                              util.o (sbv_patch_disable_prefix_check)
/opt/ps2dev/ps2sdk/ee/lib/libpatches.a(common.o)
                              /opt/ps2dev/ps2sdk/ee/lib/libpatches.a(smod.o) (__memcmp)
/opt/ps2dev/ps2sdk/ee/lib/libpatches.a(slib.o)
                              /opt/ps2dev/ps2sdk/ee/lib/libpatches.a(patch_enable_lmb.o) (_slib_cur_exp_lib_list)
/opt/ps2dev/ps2sdk/ee/lib/libkernel.a(ResetEE.o)
                              padhook.o (ResetEE)
/opt/ps2dev/ps2sdk/ee/lib/libkernel.a(AddIntcHandler.o)
                              padhook.o (AddIntcHandler)
/opt/ps2dev/ps2sdk/ee/lib/libkernel.a(AddDmacHandler.o)
                              smbauth.o (AddDmacHandler)
/opt/ps2dev/ps2sdk/ee/lib/libkernel.a(RemoveDmacHandler.o)
                              smbauth.o (RemoveDmacHandler)
/opt/ps2dev/ps2sdk/ee/lib/libkernel.a(CreateThread.o)
                              padhook.o (CreateThread)
/opt/ps2dev/ps2sdk/ee/lib/libkernel.a(StartThread.o)
                              padhook.o (StartThread)
/opt/ps2dev/ps2sdk/ee/lib/libkernel.a(ExitDeleteThread.o)
                              smbauth.o (ExitDeleteThread)
/opt/ps2dev/ps2sdk/ee/lib/libkernel.a(iChangeThreadPriority.o)
                              padhook.o (iChangeThreadPriority)
/opt/ps2dev/ps2sdk/ee/lib/libkernel.a(SleepThread.o)
                              syshook.o (SleepThread)
/opt/ps2dev/ps2sdk/ee/lib/libkernel.a(GetCop0.o)
                              padhook.o (GetCop0)
/opt/ps2dev/ps2sdk/ee/lib/libkernel.a(FlushCache.o)
                              syshook.o (FlushCache)
/opt/ps2dev/ps2sdk/ee/lib/libkernel.a(SifStopDma.o)
                              iopmgr.o (SifStopDma)
/opt/ps2dev/ps2sdk/ee/lib/libkernel.a(SetSyscall.o)
                              syshook.o (SetSyscall)
/opt/ps2dev/ps2sdk/ee/lib/libkernel.a(SifDmaStat.o)
                              modmgr.o (SifDmaStat)
/opt/ps2dev/ps2sdk/ee/lib/libkernel.a(SifSetDma.o)
                              modmgr.o (SifSetDma)
/opt/ps2dev/ps2sdk/ee/lib/libkernel.a(SifSetDChain.o)
                              smbauth.o (SifSetDChain)
/opt/ps2dev/ps2sdk/ee/lib/libkernel.a(iSifSetDChain.o)
                              smbauth.o (iSifSetDChain)
/opt/ps2dev/ps2sdk/ee/lib/libkernel.a(SifGetReg.o)
                              iopmgr.o (SifGetReg)
/opt/ps2dev/ps2sdk/ee/lib/libkernel.a(SifWriteBackDCache.o)
                              iopmgr.o (SifWriteBackDCache)
/opt/ps2dev/ps2sdk/ee/lib/libkernel.a(strncpy.o)
                              syshook.o (strncpy)
/opt/ps2dev/ps2sdk/ee/lib/libkernel.a(strlen.o)
                              iopmgr.o (strlen)
/opt/ps2dev/ps2sdk/ee/lib/libkernel.a(memcpy.o)
                              iopmgr.o (memcpy)
/opt/ps2dev/ps2sdk/ee/lib/libkernel.a(memset.o)
                              iopmgr.o (memset)
/opt/ps2dev/ps2sdk/ee/lib/libkernel.a(SifBindRpc.o)
                              modmgr.o (SifBindRpc)
/opt/ps2dev/ps2sdk/ee/lib/libkernel.a(SifCallRpc.o)
                              modmgr.o (SifCallRpc)
/opt/ps2dev/ps2sdk/ee/lib/libkernel.a(SifRpcGetOtherData.o)
                              /opt/ps2dev/ps2sdk/ee/lib/libpatches.a(smod.o) (SifRpcGetOtherData)
/opt/ps2dev/ps2sdk/ee/lib/libkernel.a(SifRpcMain.o)
                              /opt/ps2dev/ps2sdk/ee/lib/libkernel.a(SifBindRpc.o) (_sif_rpc_data)
/opt/ps2dev/ps2sdk/ee/lib/libkernel.a(_rpc_get_packet.o)
                              /opt/ps2dev/ps2sdk/ee/lib/libkernel.a(SifBindRpc.o) (_rpc_get_packet)
/opt/ps2dev/ps2sdk/ee/lib/libkernel.a(_rpc_get_fpacket.o)
                              /opt/ps2dev/ps2sdk/ee/lib/libkernel.a(SifRpcMain.o) (_rpc_get_fpacket)
/opt/ps2dev/ps2sdk/ee/lib/libkernel.a(fio_init.o)
                              iopmgr.o (fioInit)
/opt/ps2dev/ps2sdk/ee/lib/libkernel.a(fio_exit.o)
                              syshook.o (fioExit)
/opt/ps2dev/ps2sdk/ee/lib/libkernel.a(fio_open.o)
                              iopmgr.o (fioOpen)
/opt/ps2dev/ps2sdk/ee/lib/libkernel.a(fio_close.o)
                              iopmgr.o (fioClose)
/opt/ps2dev/ps2sdk/ee/lib/libkernel.a(fio_read.o)
                              iopmgr.o (fioRead)
/opt/ps2dev/ps2sdk/ee/lib/libkernel.a(fio_lseek.o)
                              iopmgr.o (fioLseek)
/opt/ps2dev/ps2sdk/ee/lib/libkernel.a(_fio_read_intr.o)
                              /opt/ps2dev/ps2sdk/ee/lib/libkernel.a(fio_read.o) (_fio_read_intr)
/opt/ps2dev/ps2sdk/ee/lib/libkernel.a(SifInitIopHeap.o)
                              iopmgr.o (SifInitIopHeap)
/opt/ps2dev/ps2sdk/ee/lib/libkernel.a(SifExitIopHeap.o)
                              syshook.o (SifExitIopHeap)
/opt/ps2dev/ps2sdk/ee/lib/libkernel.a(SifAllocIopHeap.o)
                              iopmgr.o (SifAllocIopHeap)
/opt/ps2dev/ps2sdk/ee/lib/libkernel.a(SifFreeIopHeap.o)
                              modmgr.o (SifFreeIopHeap)
/opt/ps2dev/ps2sdk/ee/lib/libkernel.a(__iop_control_internals.o)
                              /opt/ps2dev/ps2sdk/ee/lib/libkernel.a(SifRpcMain.o) (_iop_reboot_count)
/opt/ps2dev/ps2sdk/ee/lib/libkernel.a(DIntr.o)
                              syshook.o (DIntr)
/opt/ps2dev/ps2sdk/ee/lib/libkernel.a(EIntr.o)
                              syshook.o (EIntr)
/opt/ps2dev/ps2sdk/ee/lib/libkernel.a(EnableIntc.o)
                              padhook.o (EnableIntc)
/opt/ps2dev/ps2sdk/ee/lib/libkernel.a(EnableDmac.o)
                              smbauth.o (EnableDmac)
/opt/ps2dev/ps2sdk/ee/lib/libkernel.a(iDisableIntc.o)
                              padhook.o (iDisableIntc)
/opt/ps2dev/ps2sdk/ee/lib/libkernel.a(SyncDCache.o)
                              /opt/ps2dev/ps2sdk/ee/lib/libpatches.a(smod.o) (SyncDCache)
/opt/ps2dev/ps2sdk/ee/lib/libkernel.a(iSyncDCache.o)
                              padhook.o (iSyncDCache)
/opt/ps2dev/ps2sdk/ee/lib/libkernel.a(GetSyscallHandler.o)
                              syshook.o (GetSyscallHandler)
/opt/ps2dev/ps2sdk/ee/lib/libkernel.a(iWakeupThread.o)
                              padhook.o (iWakeupThread)
/opt/ps2dev/ps2sdk/ee/lib/libkernel.a(iSuspendThread.o)
                              padhook.o (iSuspendThread)
/opt/ps2dev/ps2sdk/ee/lib/libkernel.a(ExecPS2.o)
                              syshook.o (ExecPS2)
/opt/ps2dev/ps2sdk/ee/lib/libkernel.a(LoadExecPS2.o)
                              loader.o (LoadExecPS2)
/opt/ps2dev/ps2sdk/ee/lib/libkernel.a(_LoadExecPS2.o)
                              /opt/ps2dev/ps2sdk/ee/lib/libkernel.a(LoadExecPS2.o) (_LoadExecPS2)
/opt/ps2dev/ps2sdk/ee/lib/libkernel.a(_ExecPS2.o)
                              /opt/ps2dev/ps2sdk/ee/lib/libkernel.a(ExecPS2.o) (_ExecPS2)
/opt/ps2dev/ps2sdk/ee/lib/libkernel.a(_EnableIntc.o)
                              /opt/ps2dev/ps2sdk/ee/lib/libkernel.a(EnableIntc.o) (_EnableIntc)
/opt/ps2dev/ps2sdk/ee/lib/libkernel.a(_EnableDmac.o)
                              /opt/ps2dev/ps2sdk/ee/lib/libkernel.a(EnableDmac.o) (_EnableDmac)
/opt/ps2dev/ps2sdk/ee/lib/libkernel.a(_iDisableIntc.o)
                              /opt/ps2dev/ps2sdk/ee/lib/libkernel.a(iDisableIntc.o) (_iDisableIntc)
/opt/ps2dev/ps2sdk/ee/lib/libkernel.a(_iGetThreadId.o)
                              /opt/ps2dev/ps2sdk/ee/lib/libkernel.a(iWakeupThread.o) (_iGetThreadId)
/opt/ps2dev/ps2sdk/ee/lib/libkernel.a(_iWakeupThread.o)
                              /opt/ps2dev/ps2sdk/ee/lib/libkernel.a(iWakeupThread.o) (_iWakeupThread)
/opt/ps2dev/ps2sdk/ee/lib/libkernel.a(_iSuspendThread.o)
                              /opt/ps2dev/ps2sdk/ee/lib/libkernel.a(iSuspendThread.o) (_iSuspendThread)
/opt/ps2dev/ps2sdk/ee/lib/libkernel.a(CreateSema.o)
                              /opt/ps2dev/ps2sdk/ee/lib/libkernel.a(SifBindRpc.o) (CreateSema)
/opt/ps2dev/ps2sdk/ee/lib/libkernel.a(DeleteSema.o)
                              /opt/ps2dev/ps2sdk/ee/lib/libkernel.a(SifBindRpc.o) (DeleteSema)
/opt/ps2dev/ps2sdk/ee/lib/libkernel.a(iSignalSema.o)
                              /opt/ps2dev/ps2sdk/ee/lib/libkernel.a(SifRpcMain.o) (iSignalSema)
/opt/ps2dev/ps2sdk/ee/lib/libkernel.a(SignalSema.o)
                              /opt/ps2dev/ps2sdk/ee/lib/libkernel.a(fio_open.o) (SignalSema)
/opt/ps2dev/ps2sdk/ee/lib/libkernel.a(WaitSema.o)
                              /opt/ps2dev/ps2sdk/ee/lib/libkernel.a(SifBindRpc.o) (WaitSema)
/opt/ps2dev/ps2sdk/ee/lib/libkernel.a(SifSetReg.o)
                              /opt/ps2dev/ps2sdk/ee/lib/libkernel.a(SifRpcMain.o) (SifSetReg)
/opt/ps2dev/ps2sdk/ee/lib/libkernel.a(_SyncDCache.o)
                              /opt/ps2dev/ps2sdk/ee/lib/libkernel.a(SyncDCache.o) (_SyncDCache)
/opt/ps2dev/ps2sdk/ee/lib/libkernel.a(sif_cmd_send.o)
                              /opt/ps2dev/ps2sdk/ee/lib/libkernel.a(SifBindRpc.o) (SifSendCmd)
/opt/ps2dev/ps2sdk/ee/lib/libkernel.a(sif_cmd_main.o)
                              /opt/ps2dev/ps2sdk/ee/lib/libkernel.a(SifRpcMain.o) (SifInitCmd)
/opt/ps2dev/ps2sdk/ee/lib/libkernel.a(sif_cmd_client.o)
                              /opt/ps2dev/ps2sdk/ee/lib/libkernel.a(SifRpcMain.o) (SifAddCmdHandler)
/opt/ps2dev/ps2sdk/ee/lib/libkernel.a(sif_sreg_get.o)
                              /opt/ps2dev/ps2sdk/ee/lib/libkernel.a(SifRpcMain.o) (SifGetSreg)
/opt/ps2dev/ps2sdk/ee/lib/libkernel.a(__fio_internals.o)
                              /opt/ps2dev/ps2sdk/ee/lib/libkernel.a(fio_init.o) (_fio_init)
/opt/ps2dev/ps2sdk/ee/lib/libkernel.a(_fio_intr.o)
                              /opt/ps2dev/ps2sdk/ee/lib/libkernel.a(fio_open.o) (_fio_intr)
/opt/ps2dev/ps2sdk/ee/lib/libkernel.a(DisableDmac.o)
                              /opt/ps2dev/ps2sdk/ee/lib/libkernel.a(sif_cmd_main.o) (DisableDmac)
/opt/ps2dev/ps2sdk/ee/lib/libkernel.a(TerminateLibrary.o)
                              /opt/ps2dev/ps2sdk/ee/lib/libkernel.a(ExecPS2.o) (TerminateLibrary)
/opt/ps2dev/ps2sdk/ee/lib/libkernel.a(_thread_internals.o)
                              /opt/ps2dev/ps2sdk/ee/lib/libkernel.a(iWakeupThread.o) (topId)
/opt/ps2dev/ps2sdk/ee/lib/libkernel.a(tlbfunc.o)
                              /opt/ps2dev/ps2sdk/ee/lib/libkernel.a(TerminateLibrary.o) (InitTLB)
/opt/ps2dev/ps2sdk/ee/lib/libkernel.a(tlbsrc_bin.o)
                              /opt/ps2dev/ps2sdk/ee/lib/libkernel.a(tlbfunc.o) (size_tlbsrc)
/opt/ps2dev/ps2sdk/ee/lib/libkernel.a(_exit_internals.o)
                              /opt/ps2dev/ps2sdk/ee/lib/libkernel.a(ExecPS2.o) (_kExecArg)
/opt/ps2dev/ps2sdk/ee/lib/libkernel.a(SetArg.o)
                              /opt/ps2dev/ps2sdk/ee/lib/libkernel.a(ExecPS2.o) (SetArg)
/opt/ps2dev/ps2sdk/ee/lib/libkernel.a(Exit.o)
                              /opt/ps2dev/ps2sdk/ee/lib/libkernel.a(tlbfunc.o) (Exit)
/opt/ps2dev/ps2sdk/ee/lib/libkernel.a(kCopy.o)
                              /opt/ps2dev/ps2sdk/ee/lib/libkernel.a(tlbfunc.o) (kCopy)
/opt/ps2dev/ps2sdk/ee/lib/libkernel.a(kCopyBytes.o)
                              /opt/ps2dev/ps2sdk/ee/lib/libkernel.a(SetArg.o) (kCopyBytes)
/opt/ps2dev/ps2sdk/ee/lib/libkernel.a(setup_syscalls.o)
                              /opt/ps2dev/ps2sdk/ee/lib/libkernel.a(tlbfunc.o) (setup)
/opt/ps2dev/ps2sdk/ee/lib/libkernel.a(_Exit.o)
                              /opt/ps2dev/ps2sdk/ee/lib/libkernel.a(Exit.o) (_Exit)
/opt/ps2dev/ps2sdk/ee/lib/libkernel.a(_DisableDmac.o)
                              /opt/ps2dev/ps2sdk/ee/lib/libkernel.a(DisableDmac.o) (_DisableDmac)
/opt/ps2dev/ps2sdk/ee/lib/libkernel.a(ChangeThreadPriority.o)
                              /opt/ps2dev/ps2sdk/ee/lib/libkernel.a(_thread_internals.o) (ChangeThreadPriority)
/opt/ps2dev/ps2sdk/ee/lib/libkernel.a(RotateThreadReadyQueue.o)
                              /opt/ps2dev/ps2sdk/ee/lib/libkernel.a(_thread_internals.o) (RotateThreadReadyQueue)
/opt/ps2dev/ps2sdk/ee/lib/libkernel.a(GetThreadId.o)
                              /opt/ps2dev/ps2sdk/ee/lib/libkernel.a(_thread_internals.o) (GetThreadId)
/opt/ps2dev/ps2sdk/ee/lib/libkernel.a(WakeupThread.o)
                              /opt/ps2dev/ps2sdk/ee/lib/libkernel.a(_thread_internals.o) (WakeupThread)
/opt/ps2dev/ps2sdk/ee/lib/libkernel.a(SuspendThread.o)
                              /opt/ps2dev/ps2sdk/ee/lib/libkernel.a(_thread_internals.o) (SuspendThread)
/opt/ps2dev/ps2sdk/ee/lib/libkernel.a(_SetTLBEntry.o)
                              /opt/ps2dev/ps2sdk/ee/lib/libkernel.a(tlbfunc.o) (_SetTLBEntry)
/opt/ps2dev/ps2sdk/ee/lib/libkernel.a(iSifSetDma.o)
                              /opt/ps2dev/ps2sdk/ee/lib/libkernel.a(sif_cmd_send.o) (iSifSetDma)
/opt/ps2dev/ps2sdk/ee/lib/libkernel.a(GetMemorySize.o)
                              /opt/ps2dev/ps2sdk/ee/lib/libkernel.a(tlbfunc.o) (GetMemorySize)
/opt/ps2dev/ps2sdk/ee/lib/libkernel.a(_InitTLB.o)
                              /opt/ps2dev/ps2sdk/ee/lib/libkernel.a(tlbfunc.o) (_InitTLB)
/opt/ps2dev/ps2sdk/ee/lib/libkernel.a(_sif_cmd_int_handler.o)
                              /opt/ps2dev/ps2sdk/ee/lib/libkernel.a(sif_cmd_main.o) (_SifCmdIntHandler)

Allocating common symbols
Common symbol       size              file

g_argc              0x4               syshook.o
size_smbman_irx     0x4               modmgr.o
usbd_irx            0x4               modmgr.o
_ih_cd              0x28              /opt/ps2dev/ps2sdk/ee/lib/libkernel.a(SifInitIopHeap.o)
smbman_irx          0x4               modmgr.o
Old_ExecPS2         0x4               loader.o
size_udptty_irx     0x4               modmgr.o
g_buf               0x4               loader.o
udptty_irx          0x4               modmgr.o
mcemu_irx           0x4               modmgr.o
g_ps2_netmask       0x10              loader.o
ExitMode            0x4               loader.o
g_compat_mask       0x4               loader.o
g_ps2_ip            0x10              loader.o
size_imgdrv_irx     0x4               modmgr.o
g_ipconfig_len      0x4               loader.o
smstcpip_irx        0x4               modmgr.o
g_argv              0x40              syshook.o
cddev_irx           0x4               modmgr.o
stack               0x400             /opt/ps2dev/ps2sdk/ee/lib/libkernel.a(_thread_internals.o)
smem_buf            0x300             /opt/ps2dev/ps2sdk/ee/lib/libpatches.a(common.o)
size_usbd_irx       0x4               modmgr.o
size_ioptrap_irx    0x4               modmgr.o
eesync_irx          0x4               modmgr.o
g_ps2_gateway       0x10              loader.o
size_mcemu_irx      0x4               modmgr.o
size_cdvdfsv_irx    0x4               modmgr.o
DisableDebug        0x4               loader.o
cdvdman_irx         0x4               modmgr.o
size_ps2dev9_irx    0x4               modmgr.o
Old_SifSetDma       0x4               loader.o
ps2dev9_irx         0x4               modmgr.o
set_reg_hook        0x4               syshook.o
imgdrv_irx          0x4               modmgr.o
size_eesync_irx     0x4               modmgr.o
_sif_cmd_data       0x20              /opt/ps2dev/ps2sdk/ee/lib/libkernel.a(sif_cmd_main.o)
GameMode            0x4               loader.o
_fio_cd             0x28              /opt/ps2dev/ps2sdk/ee/lib/libkernel.a(__fio_internals.o)
size_cdvdman_irx    0x4               modmgr.o
InitializeTLB       0x4               syshook.o
Old_SifSetReg       0x4               loader.o
smsmap_irx          0x4               modmgr.o
GameID              0x10              loader.o
size_smstcpip_irx   0x4               modmgr.o
ioptrap_irx         0x4               modmgr.o
set_reg_disabled    0x4               syshook.o
cdvdfsv_irx         0x4               modmgr.o
size_cddev_irx      0x4               modmgr.o
g_ipconfig          0x40              loader.o
_fio_intr_data      0x80              /opt/ps2dev/ps2sdk/ee/lib/libkernel.a(__fio_internals.o)
size_smsmap_irx     0x4               modmgr.o
Old_LoadExecPS2     0x4               loader.o
_fio_block_mode     0x4               /opt/ps2dev/ps2sdk/ee/lib/libkernel.a(__fio_internals.o)
_kExecArg           0x4               /opt/ps2dev/ps2sdk/ee/lib/libkernel.a(_exit_internals.o)
_fio_recv_data      0x800             /opt/ps2dev/ps2sdk/ee/lib/libkernel.a(__fio_internals.o)
Old_CreateThread    0x4               loader.o

Memory Configuration

Name             Origin             Length             Attributes
*default*        0x0000000000000000 0xffffffffffffffff

Linker script and memory map

LOAD loader.o
LOAD syshook.o
LOAD iopmgr.o
LOAD modmgr.o
LOAD util.o
LOAD patches.o
LOAD padhook.o
LOAD spu.o
LOAD smbauth.o
LOAD des.o
LOAD md4.o
LOAD asm.o
LOAD crt0.o
LOAD /opt/ps2dev/ps2sdk/ee/lib/libpatches.a
LOAD /opt/ps2dev/ps2sdk/ee/lib/libkernel.a
LOAD /opt/ps2dev/ee/lib/gcc-lib/ee/3.2.3/libgcc.a
LOAD /opt/ps2dev/ee/lib/gcc-lib/ee/3.2.3/../../../../ee/lib/libps2sdkc.a
LOAD /opt/ps2dev/ps2sdk/ee/lib/libkernel.a
LOAD /opt/ps2dev/ps2sdk/ee/lib/libc.a
LOAD /opt/ps2dev/ee/lib/gcc-lib/ee/3.2.3/../../../../ee/lib/libg.a
LOAD /opt/ps2dev/ee/lib/gcc-lib/ee/3.2.3/../../../../ee/lib/libm.a
LOAD /opt/ps2dev/ee/lib/gcc-lib/ee/3.2.3/libgcc.a

.text           0x0000000000090000     0x8ea8
                0x0000000000090000                _ftext = .
 *(.text)
 .text          0x0000000000090000      0x240 loader.o
                0x0000000000090000                main
 .text          0x0000000000090240      0x638 syshook.o
                0x0000000000090480                t_loadElf
                0x0000000000090240                New_SifSetDma
                0x0000000000090718                Install_Kernel_Hooks
                0x00000000000907f0                Remove_Kernel_Hooks
 .text          0x0000000000090878      0x970 iopmgr.o
                0x0000000000091038                Reset_Iop
                0x00000000000911c0                Sync_Iop
                0x0000000000090878                New_Reset_Iop
 .text          0x00000000000911e8      0x898 modmgr.o
                0x00000000000914a0                GetIrxKernelRAM
                0x00000000000913b8                LoadModuleAsync
                0x00000000000911e8                LoadFileInit
                0x0000000000091788                LoadMemModule
                0x00000000000912a0                LoadFileExit
                0x00000000000912d0                LoadModule
                0x00000000000919a0                ChangeModuleName
                0x00000000000916e0                LoadIRXfromKernel
                0x00000000000918d0                LoadElf
 .text          0x0000000000091a80      0xd18 util.o
                0x0000000000092668                _strcat
                0x0000000000091ad0                _strcmp
                0x0000000000092770                Sbv_Patch
                0x00000000000926c8                _toupper
                0x0000000000092018                Patch_Mod
                0x0000000000091e58                set_ipconfig
                0x0000000000091de8                _strtoui
                0x0000000000092228                Build_EELOADCNF_Img
                0x0000000000091fc0                CopyToIop
                0x0000000000091f38                find_pattern_with_mask
                0x0000000000091b48                _strchr
                0x00000000000926b8                _islower
                0x0000000000092620                _strcpy
                0x0000000000092720                delay
                0x0000000000091da0                _memcmp
                0x0000000000091bf0                _strtok
                0x0000000000091a80                _strncmp
                0x0000000000091b98                _strrchr
                0x00000000000926e0                XLoadfileCheck
                0x0000000000091d18                _strstr
 .text          0x0000000000092798      0x2a0 patches.o
                0x0000000000092910                apply_patches
 .text          0x0000000000092a38      0xe00 padhook.o
                0x00000000000934a8                Install_PadOpen_Hook
 .text          0x0000000000093838      0x240 spu.o
                0x0000000000093838                ResetSPU
 .text          0x0000000000093a78      0x618 smbauth.o
                0x0000000000093f60                start_smbauth_thread
                0x0000000000093f00                _SifDmaIntrHandler
 .text          0x0000000000094090      0x978 des.o
                0x0000000000094508                DES
 .text          0x0000000000094a08      0x920 md4.o
                0x00000000000951b0                MD4
 .text          0x0000000000095328      0x408 asm.o
                0x00000000000956b4                Hook_CreateThread
                0x0000000000095504                Hook_SifSetDma
                0x0000000000095650                Hook_ExecPS2
                0x00000000000955d0                Hook_SifSetReg
                0x00000000000954c0                Hook_LoadExecPS2
 .text          0x0000000000095730      0x170 crt0.o
                0x0000000000095738                _start
                0x0000000000095800                _exit
 .text          0x00000000000958a0      0x110 /opt/ps2dev/ps2sdk/ee/lib/libpatches.a(smem.o)
                0x00000000000958a0                smem_read
                0x0000000000095928                smem_write
 .text          0x00000000000959b0      0x1b8 /opt/ps2dev/ps2sdk/ee/lib/libpatches.a(smod.o)
                0x00000000000959b0                smod_get_next_mod
                0x0000000000095aa0                smod_get_mod_by_name
 .text          0x0000000000095b68      0x230 /opt/ps2dev/ps2sdk/ee/lib/libpatches.a(patch_enable_lmb.o)
                0x0000000000095b68                sbv_patch_enable_lmb
 .text          0x0000000000095d98       0x80 /opt/ps2dev/ps2sdk/ee/lib/libpatches.a(patch_disable_prefix_check.o)
                0x0000000000095d98                sbv_patch_disable_prefix_check
 .text          0x0000000000095e18      0x108 /opt/ps2dev/ps2sdk/ee/lib/libpatches.a(common.o)
                0x0000000000095e60                smem_write_word
                0x0000000000095e18                __memcmp
 .text          0x0000000000095f20      0x368 /opt/ps2dev/ps2sdk/ee/lib/libpatches.a(slib.o)
                0x0000000000095f20                slib_exp_lib_list
                0x0000000000096130                slib_get_exp_lib
 *fill*         0x0000000000096288        0x8 00
 .text          0x0000000000096290       0x10 /opt/ps2dev/ps2sdk/ee/lib/libkernel.a(ResetEE.o)
                0x0000000000096290                ResetEE
 .text          0x00000000000962a0       0x10 /opt/ps2dev/ps2sdk/ee/lib/libkernel.a(AddIntcHandler.o)
                0x00000000000962a0                AddIntcHandler
 .text          0x00000000000962b0       0x10 /opt/ps2dev/ps2sdk/ee/lib/libkernel.a(AddDmacHandler.o)
                0x00000000000962b0                AddDmacHandler
 .text          0x00000000000962c0       0x10 /opt/ps2dev/ps2sdk/ee/lib/libkernel.a(RemoveDmacHandler.o)
                0x00000000000962c0                RemoveDmacHandler
 .text          0x00000000000962d0       0x10 /opt/ps2dev/ps2sdk/ee/lib/libkernel.a(CreateThread.o)
                0x00000000000962d0                CreateThread
 .text          0x00000000000962e0       0x10 /opt/ps2dev/ps2sdk/ee/lib/libkernel.a(StartThread.o)
                0x00000000000962e0                StartThread
 .text          0x00000000000962f0       0x10 /opt/ps2dev/ps2sdk/ee/lib/libkernel.a(ExitDeleteThread.o)
                0x00000000000962f0                ExitDeleteThread
 .text          0x0000000000096300       0x10 /opt/ps2dev/ps2sdk/ee/lib/libkernel.a(iChangeThreadPriority.o)
                0x0000000000096300                iChangeThreadPriority
 .text          0x0000000000096310       0x10 /opt/ps2dev/ps2sdk/ee/lib/libkernel.a(SleepThread.o)
                0x0000000000096310                SleepThread
 .text          0x0000000000096320       0x10 /opt/ps2dev/ps2sdk/ee/lib/libkernel.a(GetCop0.o)
                0x0000000000096320                GetCop0
 .text          0x0000000000096330       0x10 /opt/ps2dev/ps2sdk/ee/lib/libkernel.a(FlushCache.o)
                0x0000000000096330                FlushCache
 .text          0x0000000000096340       0x10 /opt/ps2dev/ps2sdk/ee/lib/libkernel.a(SifStopDma.o)
                0x0000000000096340                SifStopDma
 .text          0x0000000000096350       0x10 /opt/ps2dev/ps2sdk/ee/lib/libkernel.a(SetSyscall.o)
                0x0000000000096350                SetSyscall
 .text          0x0000000000096360       0x10 /opt/ps2dev/ps2sdk/ee/lib/libkernel.a(SifDmaStat.o)
                0x0000000000096360                SifDmaStat
 .text          0x0000000000096370       0x10 /opt/ps2dev/ps2sdk/ee/lib/libkernel.a(SifSetDma.o)
                0x0000000000096370                SifSetDma
 .text          0x0000000000096380       0x10 /opt/ps2dev/ps2sdk/ee/lib/libkernel.a(SifSetDChain.o)
                0x0000000000096380                SifSetDChain
 .text          0x0000000000096390       0x10 /opt/ps2dev/ps2sdk/ee/lib/libkernel.a(iSifSetDChain.o)
                0x0000000000096390                iSifSetDChain
 .text          0x00000000000963a0       0x10 /opt/ps2dev/ps2sdk/ee/lib/libkernel.a(SifGetReg.o)
                0x00000000000963a0                SifGetReg
 .text          0x00000000000963b0       0xb0 /opt/ps2dev/ps2sdk/ee/lib/libkernel.a(SifWriteBackDCache.o)
                0x00000000000963b0                SifWriteBackDCache
 .text          0x0000000000096460      0x1c0 /opt/ps2dev/ps2sdk/ee/lib/libkernel.a(strncpy.o)
                0x0000000000096460                strncpy
 .text          0x0000000000096620      0x138 /opt/ps2dev/ps2sdk/ee/lib/libkernel.a(strlen.o)
                0x0000000000096620                strlen
 .text          0x0000000000096758       0xb0 /opt/ps2dev/ps2sdk/ee/lib/libkernel.a(memcpy.o)
                0x0000000000096758                memcpy
 .text          0x0000000000096808       0xc0 /opt/ps2dev/ps2sdk/ee/lib/libkernel.a(memset.o)
                0x0000000000096808                memset
 .text          0x00000000000968c8      0x128 /opt/ps2dev/ps2sdk/ee/lib/libkernel.a(SifBindRpc.o)
                0x00000000000968c8                SifBindRpc
 .text          0x00000000000969f0      0x1b8 /opt/ps2dev/ps2sdk/ee/lib/libkernel.a(SifCallRpc.o)
                0x00000000000969f0                SifCallRpc
 .text          0x0000000000096ba8      0x140 /opt/ps2dev/ps2sdk/ee/lib/libkernel.a(SifRpcGetOtherData.o)
                0x0000000000096ba8                SifRpcGetOtherData
 .text          0x0000000000096ce8      0x448 /opt/ps2dev/ps2sdk/ee/lib/libkernel.a(SifRpcMain.o)
                0x0000000000096fa0                SifInitRpc
                0x0000000000097108                SifExitRpc
 .text          0x0000000000097130       0xc0 /opt/ps2dev/ps2sdk/ee/lib/libkernel.a(_rpc_get_packet.o)
                0x0000000000097130                _rpc_get_packet
 .text          0x00000000000971f0       0x30 /opt/ps2dev/ps2sdk/ee/lib/libkernel.a(_rpc_get_fpacket.o)
                0x00000000000971f0                _rpc_get_fpacket
 .text          0x0000000000097220      0x138 /opt/ps2dev/ps2sdk/ee/lib/libkernel.a(fio_init.o)
                0x0000000000097220                fioInit
 .text          0x0000000000097358       0x70 /opt/ps2dev/ps2sdk/ee/lib/libkernel.a(fio_exit.o)
                0x0000000000097358                fioExit
 .text          0x00000000000973c8       0xf8 /opt/ps2dev/ps2sdk/ee/lib/libkernel.a(fio_open.o)
                0x00000000000973c8                fioOpen
 .text          0x00000000000974c0       0xb0 /opt/ps2dev/ps2sdk/ee/lib/libkernel.a(fio_close.o)
                0x00000000000974c0                fioClose
 .text          0x0000000000097570      0x130 /opt/ps2dev/ps2sdk/ee/lib/libkernel.a(fio_read.o)
                0x0000000000097570                fioRead
 .text          0x00000000000976a0       0xd0 /opt/ps2dev/ps2sdk/ee/lib/libkernel.a(fio_lseek.o)
                0x00000000000976a0                fioLseek
 .text          0x0000000000097770       0x88 /opt/ps2dev/ps2sdk/ee/lib/libkernel.a(_fio_read_intr.o)
                0x0000000000097770                _fio_read_intr
 .text          0x00000000000977f8      0x108 /opt/ps2dev/ps2sdk/ee/lib/libkernel.a(SifInitIopHeap.o)
                0x00000000000977f8                SifInitIopHeap
 .text          0x0000000000097900       0x10 /opt/ps2dev/ps2sdk/ee/lib/libkernel.a(SifExitIopHeap.o)
                0x0000000000097900                SifExitIopHeap
 .text          0x0000000000097910       0x70 /opt/ps2dev/ps2sdk/ee/lib/libkernel.a(SifAllocIopHeap.o)
                0x0000000000097910                SifAllocIopHeap
 .text          0x0000000000097980       0x78 /opt/ps2dev/ps2sdk/ee/lib/libkernel.a(SifFreeIopHeap.o)
                0x0000000000097980                SifFreeIopHeap
 .text          0x00000000000979f8       0x48 /opt/ps2dev/ps2sdk/ee/lib/libkernel.a(DIntr.o)
                0x00000000000979f8                DIntr
 .text          0x0000000000097a40       0x18 /opt/ps2dev/ps2sdk/ee/lib/libkernel.a(EIntr.o)
                0x0000000000097a40                EIntr
 .text          0x0000000000097a58       0x78 /opt/ps2dev/ps2sdk/ee/lib/libkernel.a(EnableIntc.o)
                0x0000000000097a58                EnableIntc
 .text          0x0000000000097ad0       0x78 /opt/ps2dev/ps2sdk/ee/lib/libkernel.a(EnableDmac.o)
                0x0000000000097ad0                EnableDmac
 .text          0x0000000000097b48       0x20 /opt/ps2dev/ps2sdk/ee/lib/libkernel.a(iDisableIntc.o)
                0x0000000000097b48                iDisableIntc
 .text          0x0000000000097b68       0x80 /opt/ps2dev/ps2sdk/ee/lib/libkernel.a(SyncDCache.o)
                0x0000000000097b68                SyncDCache
 .text          0x0000000000097be8       0x28 /opt/ps2dev/ps2sdk/ee/lib/libkernel.a(iSyncDCache.o)
                0x0000000000097be8                iSyncDCache
 .text          0x0000000000097c10      0x160 /opt/ps2dev/ps2sdk/ee/lib/libkernel.a(GetSyscallHandler.o)
                0x0000000000097ca8                GetSyscallHandler
 .text          0x0000000000097d70       0x98 /opt/ps2dev/ps2sdk/ee/lib/libkernel.a(iWakeupThread.o)
                0x0000000000097d70                iWakeupThread
 .text          0x0000000000097e08       0x98 /opt/ps2dev/ps2sdk/ee/lib/libkernel.a(iSuspendThread.o)
                0x0000000000097e08                iSuspendThread
 .text          0x0000000000097ea0       0x70 /opt/ps2dev/ps2sdk/ee/lib/libkernel.a(ExecPS2.o)
                0x0000000000097ea0                ExecPS2
 .text          0x0000000000097f10       0x38 /opt/ps2dev/ps2sdk/ee/lib/libkernel.a(LoadExecPS2.o)
                0x0000000000097f10                LoadExecPS2
 *fill*         0x0000000000097f48        0x8 00
 .text          0x0000000000097f50       0x10 /opt/ps2dev/ps2sdk/ee/lib/libkernel.a(_LoadExecPS2.o)
                0x0000000000097f50                _LoadExecPS2
 .text          0x0000000000097f60       0x10 /opt/ps2dev/ps2sdk/ee/lib/libkernel.a(_ExecPS2.o)
                0x0000000000097f60                _ExecPS2
 .text          0x0000000000097f70       0x10 /opt/ps2dev/ps2sdk/ee/lib/libkernel.a(_EnableIntc.o)
                0x0000000000097f70                _EnableIntc
 .text          0x0000000000097f80       0x10 /opt/ps2dev/ps2sdk/ee/lib/libkernel.a(_EnableDmac.o)
                0x0000000000097f80                _EnableDmac
 .text          0x0000000000097f90       0x10 /opt/ps2dev/ps2sdk/ee/lib/libkernel.a(_iDisableIntc.o)
                0x0000000000097f90                _iDisableIntc
 .text          0x0000000000097fa0       0x10 /opt/ps2dev/ps2sdk/ee/lib/libkernel.a(_iGetThreadId.o)
                0x0000000000097fa0                _iGetThreadId
 .text          0x0000000000097fb0       0x10 /opt/ps2dev/ps2sdk/ee/lib/libkernel.a(_iWakeupThread.o)
                0x0000000000097fb0                _iWakeupThread
 .text          0x0000000000097fc0       0x10 /opt/ps2dev/ps2sdk/ee/lib/libkernel.a(_iSuspendThread.o)
                0x0000000000097fc0                _iSuspendThread
 .text          0x0000000000097fd0       0x10 /opt/ps2dev/ps2sdk/ee/lib/libkernel.a(CreateSema.o)
                0x0000000000097fd0                CreateSema
 .text          0x0000000000097fe0       0x10 /opt/ps2dev/ps2sdk/ee/lib/libkernel.a(DeleteSema.o)
                0x0000000000097fe0                DeleteSema
 .text          0x0000000000097ff0       0x10 /opt/ps2dev/ps2sdk/ee/lib/libkernel.a(iSignalSema.o)
                0x0000000000097ff0                iSignalSema
 .text          0x0000000000098000       0x10 /opt/ps2dev/ps2sdk/ee/lib/libkernel.a(SignalSema.o)
                0x0000000000098000                SignalSema
 .text          0x0000000000098010       0x10 /opt/ps2dev/ps2sdk/ee/lib/libkernel.a(WaitSema.o)
                0x0000000000098010                WaitSema
 .text          0x0000000000098020       0x10 /opt/ps2dev/ps2sdk/ee/lib/libkernel.a(SifSetReg.o)
                0x0000000000098020                SifSetReg
 .text          0x0000000000098030       0xa8 /opt/ps2dev/ps2sdk/ee/lib/libkernel.a(_SyncDCache.o)
                0x0000000000098030                _SyncDCache
 .text          0x00000000000980d8      0x1b0 /opt/ps2dev/ps2sdk/ee/lib/libkernel.a(sif_cmd_send.o)
                0x0000000000098208                SifSendCmd
                0x0000000000098248                iSifSendCmd
 .text          0x0000000000098288      0x2f8 /opt/ps2dev/ps2sdk/ee/lib/libkernel.a(sif_cmd_main.o)
                0x00000000000982b8                SifInitCmd
                0x0000000000098548                SifExitCmd
 .text          0x0000000000098580       0x58 /opt/ps2dev/ps2sdk/ee/lib/libkernel.a(sif_cmd_client.o)
                0x0000000000098598                SifAddCmdHandler
                0x0000000000098580                SifSetCmdBuffer
 .text          0x00000000000985d8       0x18 /opt/ps2dev/ps2sdk/ee/lib/libkernel.a(sif_sreg_get.o)
                0x00000000000985d8                SifGetSreg
 .text          0x00000000000985f0       0x20 /opt/ps2dev/ps2sdk/ee/lib/libkernel.a(_fio_intr.o)
                0x00000000000985f0                _fio_intr
 .text          0x0000000000098610       0x78 /opt/ps2dev/ps2sdk/ee/lib/libkernel.a(DisableDmac.o)
                0x0000000000098610                DisableDmac
 .text          0x0000000000098688       0x20 /opt/ps2dev/ps2sdk/ee/lib/libkernel.a(TerminateLibrary.o)
                0x0000000000098688                TerminateLibrary
 .text          0x00000000000986a8      0x198 /opt/ps2dev/ps2sdk/ee/lib/libkernel.a(_thread_internals.o)
                0x0000000000098750                InitThread
 .text          0x0000000000098840      0x2b0 /opt/ps2dev/ps2sdk/ee/lib/libkernel.a(tlbfunc.o)
                0x00000000000988f8                InitTLB
                0x0000000000098840                InitTLBFunctions
 .text          0x0000000000098af0      0x120 /opt/ps2dev/ps2sdk/ee/lib/libkernel.a(SetArg.o)
                0x0000000000098af0                SetArg
 .text          0x0000000000098c10       0x20 /opt/ps2dev/ps2sdk/ee/lib/libkernel.a(Exit.o)
                0x0000000000098c10                Exit
 .text          0x0000000000098c30       0x48 /opt/ps2dev/ps2sdk/ee/lib/libkernel.a(kCopy.o)
                0x0000000000098c30                kCopy
 .text          0x0000000000098c78       0x38 /opt/ps2dev/ps2sdk/ee/lib/libkernel.a(kCopyBytes.o)
                0x0000000000098c78                kCopyBytes
 .text          0x0000000000098cb0       0x3c /opt/ps2dev/ps2sdk/ee/lib/libkernel.a(setup_syscalls.o)
                0x0000000000098cc4                Copy
                0x0000000000098cb0                setup
                0x0000000000098cd8                GetEntryAddress
 *fill*         0x0000000000098cec        0x4 00
 .text          0x0000000000098cf0       0x10 /opt/ps2dev/ps2sdk/ee/lib/libkernel.a(_Exit.o)
                0x0000000000098cf0                _Exit
 .text          0x0000000000098d00       0x10 /opt/ps2dev/ps2sdk/ee/lib/libkernel.a(_DisableDmac.o)
                0x0000000000098d00                _DisableDmac
 .text          0x0000000000098d10       0x10 /opt/ps2dev/ps2sdk/ee/lib/libkernel.a(ChangeThreadPriority.o)
                0x0000000000098d10                ChangeThreadPriority
 .text          0x0000000000098d20       0x10 /opt/ps2dev/ps2sdk/ee/lib/libkernel.a(RotateThreadReadyQueue.o)
                0x0000000000098d20                RotateThreadReadyQueue
 .text          0x0000000000098d30       0x10 /opt/ps2dev/ps2sdk/ee/lib/libkernel.a(GetThreadId.o)
                0x0000000000098d30                GetThreadId
 .text          0x0000000000098d40       0x10 /opt/ps2dev/ps2sdk/ee/lib/libkernel.a(WakeupThread.o)
                0x0000000000098d40                WakeupThread
 .text          0x0000000000098d50       0x10 /opt/ps2dev/ps2sdk/ee/lib/libkernel.a(SuspendThread.o)
                0x0000000000098d50                SuspendThread
 .text          0x0000000000098d60       0x10 /opt/ps2dev/ps2sdk/ee/lib/libkernel.a(_SetTLBEntry.o)
                0x0000000000098d60                _SetTLBEntry
 .text          0x0000000000098d70       0x10 /opt/ps2dev/ps2sdk/ee/lib/libkernel.a(iSifSetDma.o)
                0x0000000000098d70                iSifSetDma
 .text          0x0000000000098d80       0x10 /opt/ps2dev/ps2sdk/ee/lib/libkernel.a(GetMemorySize.o)
                0x0000000000098d80                GetMemorySize
 .text          0x0000000000098d90       0x10 /opt/ps2dev/ps2sdk/ee/lib/libkernel.a(_InitTLB.o)
                0x0000000000098d90                _InitTLB
 .text          0x0000000000098da0      0x100 /opt/ps2dev/ps2sdk/ee/lib/libkernel.a(_sif_cmd_int_handler.o)
                0x0000000000098da0                _SifCmdIntHandler
 *(.text.*)
 *(.gnu.linkonce.t*)
 *(.init)
 *(.fini)
                0x0000000000098ea0        0x8 QUAD 0x0
                0x0000000000098ea8                PROVIDE (_etext, .)
                0x0000000000098ea8                PROVIDE (etext, .)

.reginfo        0x0000000000098ea8       0x18
 *(.reginfo)
 .reginfo       0x0000000000098ea8       0x18 loader.o

.ctors
 *crtbegin*.o(.ctors)
 *(EXCLUDE_FILE(*crtend*.o) .ctors)
 *(SORT(.ctors.*))
 *(.ctors)

.dtors
 *crtbegin*.o(.dtors)
 *(EXCLUDE_FILE(*crtend*.o) .dtors)
 *(SORT(.dtors.*))
 *(.dtors)

.rodata         0x0000000000098f00      0x928
 *(.rodata)
 .rodata        0x0000000000098f00       0x68 loader.o
 .rodata        0x0000000000098f68       0x30 syshook.o
 .rodata        0x0000000000098f98       0xd0 iopmgr.o
 .rodata        0x0000000000099068      0x1e8 util.o
 .rodata        0x0000000000099250      0x1e0 patches.o
 .rodata        0x0000000000099430       0xe0 padhook.o
 .rodata        0x0000000000099510       0x20 smbauth.o
 .rodata        0x0000000000099530       0x18 /opt/ps2dev/ps2sdk/ee/lib/libpatches.a(patch_enable_lmb.o)
 .rodata        0x0000000000099548        0x8 /opt/ps2dev/ps2sdk/ee/lib/libpatches.a(patch_disable_prefix_check.o)
 .rodata        0x0000000000099550       0x10 /opt/ps2dev/ps2sdk/ee/lib/libpatches.a(slib.o)
 .rodata        0x0000000000099560        0x8 /opt/ps2dev/ps2sdk/ee/lib/libkernel.a(ExecPS2.o)
 .rodata        0x0000000000099568       0x10 /opt/ps2dev/ps2sdk/ee/lib/libkernel.a(_thread_internals.o)
 .rodata        0x0000000000099578      0x2b0 /opt/ps2dev/ps2sdk/ee/lib/libkernel.a(tlbfunc.o)
 *(.rodata.*)
 *(.gnu.linkonce.r*)

.rel.dyn

.data           0x0000000000099880     0x3318
                0x0000000000099880                _fdata = .
 *(.data)
 .data          0x0000000000099880      0x178 syshook.o
                0x0000000000099884                padOpen_hooked
                0x0000000000099880                iop_reboot_count
 .data          0x00000000000999f8        0x4 modmgr.o
 *fill*         0x00000000000999fc        0x4 00
 .data          0x0000000000099a00      0x348 patches.o
 .data          0x0000000000099d48      0x4b0 padhook.o
 .data          0x000000000009a1f8        0xc smbauth.o
 *fill*         0x000000000009a204        0x4 00
 .data          0x000000000009a208     0x2010 des.o
 *fill*         0x000000000009c218       0x28 00
 .data          0x000000000009c240       0x80 /opt/ps2dev/ps2sdk/ee/lib/libpatches.a(patch_enable_lmb.o)
 .data          0x000000000009c2c0       0x10 /opt/ps2dev/ps2sdk/ee/lib/libpatches.a(patch_disable_prefix_check.o)
 .data          0x000000000009c2d0        0x8 /opt/ps2dev/ps2sdk/ee/lib/libpatches.a(slib.o)
                0x000000000009c2d0                _slib_cur_exp_lib_list
 .data          0x000000000009c2d8       0x38 /opt/ps2dev/ps2sdk/ee/lib/libkernel.a(SifRpcMain.o)
                0x000000000009c2d8                _sif_rpc_data
 .data          0x000000000009c310        0x4 /opt/ps2dev/ps2sdk/ee/lib/libkernel.a(fio_init.o)
 .data          0x000000000009c314        0x8 /opt/ps2dev/ps2sdk/ee/lib/libkernel.a(SifInitIopHeap.o)
                0x000000000009c314                _ih_caps
 .data          0x000000000009c31c        0x4 /opt/ps2dev/ps2sdk/ee/lib/libkernel.a(__iop_control_internals.o)
                0x000000000009c31c                _iop_reboot_count
 .data          0x000000000009c320        0x4 /opt/ps2dev/ps2sdk/ee/lib/libkernel.a(GetSyscallHandler.o)
 .data          0x000000000009c324        0xc /opt/ps2dev/ps2sdk/ee/lib/libkernel.a(sif_cmd_main.o)
 .data          0x000000000009c330        0xc /opt/ps2dev/ps2sdk/ee/lib/libkernel.a(__fio_internals.o)
                0x000000000009c338                _fio_completion_sema
                0x000000000009c334                _fio_io_sema
                0x000000000009c330                _fio_init
 *fill*         0x000000000009c33c        0x4 00
 .data          0x000000000009c340      0x410 /opt/ps2dev/ps2sdk/ee/lib/libkernel.a(_thread_internals.o)
                0x000000000009c340                topId
                0x000000000009c344                topSema
                0x000000000009c348                topArg
 .data          0x000000000009c750       0x20 /opt/ps2dev/ps2sdk/ee/lib/libkernel.a(tlbfunc.o)
 .data          0x000000000009c770      0x420 /opt/ps2dev/ps2sdk/ee/lib/libkernel.a(tlbsrc_bin.o)
                0x000000000009c770                size_tlbsrc
                0x000000000009c780                tlbsrc
 .data          0x000000000009cb90        0x8 /opt/ps2dev/ps2sdk/ee/lib/libkernel.a(SetArg.o)
                0x000000000009cb90                SysEntry
 *(.data.*)
 *(.gnu.linkonce.d*)

.rdata
 *(.rdata)

.gcc_except_table
 *(.gcc_except_table)
                0x00000000000a4bf0                _gp = (ALIGN (0x80) + 0x7ff0)

.lit4
 *(.lit4)

.lit8
 *(.lit8)

.sdata
 *(.sdata)
 *(.sdata.*)
 *(.gnu.linkonce.s*)
                0x000000000009cb98                _edata = .
                0x000000000009cb98                PROVIDE (edata, .)

.sbss           0x000000000009cc00        0x0
                0x000000000009cc00                _fbss = .
 *(.sbss)
 *(.sbss.*)
 *(.gnu.linkonce.sb*)
 *(.scommon)

.bss            0x000000000009cc00     0x6104
 *(.bss)
 .bss           0x000000000009cc00      0x100 loader.o
 .bss           0x000000000009cd00      0x410 syshook.o
 .bss           0x000000000009d110       0x28 modmgr.o
 .bss           0x000000000009d138        0x8 util.o
 .bss           0x000000000009d140        0x8 patches.o
 *fill*         0x000000000009d148        0x8 00
 .bss           0x000000000009d150     0x2030 padhook.o
 .bss           0x000000000009f180      0xa40 smbauth.o
 .bss           0x000000000009fbc0       0x80 des.o
 .bss           0x000000000009fc40       0x10 md4.o
 *fill*         0x000000000009fc50       0x30 00
 .bss           0x000000000009fc80      0x180 crt0.o
 .bss           0x000000000009fe00     0x1800 /opt/ps2dev/ps2sdk/ee/lib/libkernel.a(SifRpcMain.o)
 .bss           0x00000000000a1600      0x280 /opt/ps2dev/ps2sdk/ee/lib/libkernel.a(sif_cmd_main.o)
 *(.bss.*)
 *(.gnu.linkonce.b*)
 *(COMMON)
 COMMON         0x00000000000a1880       0xc8 loader.o
                                          0x0 (size before relaxing)
                0x00000000000a1880                Old_ExecPS2
                0x00000000000a1884                g_buf
                0x00000000000a1888                g_ps2_netmask
                0x00000000000a1898                ExitMode
                0x00000000000a189c                g_compat_mask
                0x00000000000a18a0                g_ps2_ip
                0x00000000000a18b0                g_ipconfig_len
                0x00000000000a18b8                g_ps2_gateway
                0x00000000000a18c8                DisableDebug
                0x00000000000a18cc                Old_SifSetDma
                0x00000000000a18d0                GameMode
                0x00000000000a18d4                Old_SifSetReg
                0x00000000000a18d8                GameID
                0x00000000000a1900                g_ipconfig
                0x00000000000a1940                Old_LoadExecPS2
                0x00000000000a1944                Old_CreateThread
 COMMON         0x00000000000a1948       0x54 syshook.o
                                          0x0 (size before relaxing)
                0x00000000000a1948                g_argc
                0x00000000000a1950                g_argv
                0x00000000000a1990                set_reg_hook
                0x00000000000a1994                InitializeTLB
                0x00000000000a1998                set_reg_disabled
 COMMON         0x00000000000a199c       0x68 modmgr.o
                                          0x0 (size before relaxing)
                0x00000000000a199c                size_smbman_irx
                0x00000000000a19a0                usbd_irx
                0x00000000000a19a4                smbman_irx
                0x00000000000a19a8                size_udptty_irx
                0x00000000000a19ac                udptty_irx
                0x00000000000a19b0                mcemu_irx
                0x00000000000a19b4                size_imgdrv_irx
                0x00000000000a19b8                smstcpip_irx
                0x00000000000a19bc                cddev_irx
                0x00000000000a19c0                size_usbd_irx
                0x00000000000a19c4                size_ioptrap_irx
                0x00000000000a19c8                eesync_irx
                0x00000000000a19cc                size_mcemu_irx
                0x00000000000a19d0                size_cdvdfsv_irx
                0x00000000000a19d4                cdvdman_irx
                0x00000000000a19d8                size_ps2dev9_irx
                0x00000000000a19dc                ps2dev9_irx
                0x00000000000a19e0                imgdrv_irx
                0x00000000000a19e4                size_eesync_irx
                0x00000000000a19e8                size_cdvdman_irx
                0x00000000000a19ec                smsmap_irx
                0x00000000000a19f0                size_smstcpip_irx
                0x00000000000a19f4                ioptrap_irx
                0x00000000000a19f8                cdvdfsv_irx
                0x00000000000a19fc                size_cddev_irx
                0x00000000000a1a00                size_smsmap_irx
 COMMON         0x00000000000a1a04      0x244 asm.o
                0x00000000000a1a04                g_argbuf
 *fill*         0x00000000000a1c48       0x38 00
 COMMON         0x00000000000a1c80      0x300 /opt/ps2dev/ps2sdk/ee/lib/libpatches.a(common.o)
                                          0x0 (size before relaxing)
                0x00000000000a1c80                smem_buf
 COMMON         0x00000000000a1f80       0x28 /opt/ps2dev/ps2sdk/ee/lib/libkernel.a(SifInitIopHeap.o)
                                          0x0 (size before relaxing)
                0x00000000000a1f80                _ih_cd
 COMMON         0x00000000000a1fa8       0x20 /opt/ps2dev/ps2sdk/ee/lib/libkernel.a(sif_cmd_main.o)
                                          0x0 (size before relaxing)
                0x00000000000a1fa8                _sif_cmd_data
 *fill*         0x00000000000a1fc8       0x38 00
 COMMON         0x00000000000a2000      0x900 /opt/ps2dev/ps2sdk/ee/lib/libkernel.a(__fio_internals.o)
                                          0x0 (size before relaxing)
                0x00000000000a2000                _fio_cd
                0x00000000000a2040                _fio_intr_data
                0x00000000000a20c0                _fio_block_mode
                0x00000000000a2100                _fio_recv_data
 COMMON         0x00000000000a2900      0x400 /opt/ps2dev/ps2sdk/ee/lib/libkernel.a(_thread_internals.o)
                                          0x0 (size before relaxing)
                0x00000000000a2900                stack
 COMMON         0x00000000000a2d00        0x4 /opt/ps2dev/ps2sdk/ee/lib/libkernel.a(_exit_internals.o)
                                          0x0 (size before relaxing)
                0x00000000000a2d00                _kExecArg
                0x00000000000a2d04                _end_bss = .
                0x00000000000a2d04                _end = .
                0x00000000000a2d04                PROVIDE (end, .)
                0xffffffffffffffff                PROVIDE (_heap_size, 0xffffffffffffffff)
                0xffffffffffffffff                PROVIDE (_stack, 0xffffffffffffffff)
                0x0000000000020000                PROVIDE (_stack_size, 0x20000)
OUTPUT(loader.elf elf32-littlemips)

.mdebug

.mdebug.eabi64  0x0000000000000000        0x0

.comment        0x0000000000000000      0x480
 .comment       0x0000000000000000       0x12 loader.o
 .comment       0x0000000000000012       0x12 syshook.o
 .comment       0x0000000000000024       0x12 iopmgr.o
 .comment       0x0000000000000036       0x12 modmgr.o
 .comment       0x0000000000000048       0x12 util.o
 .comment       0x000000000000005a       0x12 patches.o
 .comment       0x000000000000006c       0x12 padhook.o
 .comment       0x000000000000007e       0x12 spu.o
 .comment       0x0000000000000090       0x12 smbauth.o
 .comment       0x00000000000000a2       0x12 des.o
 .comment       0x00000000000000b4       0x12 md4.o
 .comment       0x00000000000000c6       0x12 /opt/ps2dev/ps2sdk/ee/lib/libpatches.a(smem.o)
 .comment       0x00000000000000d8       0x12 /opt/ps2dev/ps2sdk/ee/lib/libpatches.a(smod.o)
 .comment       0x00000000000000ea       0x12 /opt/ps2dev/ps2sdk/ee/lib/libpatches.a(patch_enable_lmb.o)
 .comment       0x00000000000000fc       0x12 /opt/ps2dev/ps2sdk/ee/lib/libpatches.a(patch_disable_prefix_check.o)
 .comment       0x000000000000010e       0x12 /opt/ps2dev/ps2sdk/ee/lib/libpatches.a(common.o)
 .comment       0x0000000000000120       0x12 /opt/ps2dev/ps2sdk/ee/lib/libpatches.a(slib.o)
 .comment       0x0000000000000132       0x12 /opt/ps2dev/ps2sdk/ee/lib/libkernel.a(SifBindRpc.o)
 .comment       0x0000000000000144       0x12 /opt/ps2dev/ps2sdk/ee/lib/libkernel.a(SifCallRpc.o)
 .comment       0x0000000000000156       0x12 /opt/ps2dev/ps2sdk/ee/lib/libkernel.a(SifRpcGetOtherData.o)
 .comment       0x0000000000000168       0x12 /opt/ps2dev/ps2sdk/ee/lib/libkernel.a(SifRpcMain.o)
 .comment       0x000000000000017a       0x12 /opt/ps2dev/ps2sdk/ee/lib/libkernel.a(_rpc_get_packet.o)
 .comment       0x000000000000018c       0x12 /opt/ps2dev/ps2sdk/ee/lib/libkernel.a(_rpc_get_fpacket.o)
 .comment       0x000000000000019e       0x12 /opt/ps2dev/ps2sdk/ee/lib/libkernel.a(fio_init.o)
 .comment       0x00000000000001b0       0x12 /opt/ps2dev/ps2sdk/ee/lib/libkernel.a(fio_exit.o)
 .comment       0x00000000000001c2       0x12 /opt/ps2dev/ps2sdk/ee/lib/libkernel.a(fio_open.o)
 .comment       0x00000000000001d4       0x12 /opt/ps2dev/ps2sdk/ee/lib/libkernel.a(fio_close.o)
 .comment       0x00000000000001e6       0x12 /opt/ps2dev/ps2sdk/ee/lib/libkernel.a(fio_read.o)
 .comment       0x00000000000001f8       0x12 /opt/ps2dev/ps2sdk/ee/lib/libkernel.a(fio_lseek.o)
 .comment       0x000000000000020a       0x12 /opt/ps2dev/ps2sdk/ee/lib/libkernel.a(_fio_read_intr.o)
 .comment       0x000000000000021c       0x12 /opt/ps2dev/ps2sdk/ee/lib/libkernel.a(SifInitIopHeap.o)
 .comment       0x000000000000022e       0x12 /opt/ps2dev/ps2sdk/ee/lib/libkernel.a(SifExitIopHeap.o)
 .comment       0x0000000000000240       0x12 /opt/ps2dev/ps2sdk/ee/lib/libkernel.a(SifAllocIopHeap.o)
 .comment       0x0000000000000252       0x12 /opt/ps2dev/ps2sdk/ee/lib/libkernel.a(SifFreeIopHeap.o)
 .comment       0x0000000000000264       0x12 /opt/ps2dev/ps2sdk/ee/lib/libkernel.a(__iop_control_internals.o)
 .comment       0x0000000000000276       0x12 /opt/ps2dev/ps2sdk/ee/lib/libkernel.a(DIntr.o)
 .comment       0x0000000000000288       0x12 /opt/ps2dev/ps2sdk/ee/lib/libkernel.a(EIntr.o)
 .comment       0x000000000000029a       0x12 /opt/ps2dev/ps2sdk/ee/lib/libkernel.a(EnableIntc.o)
 .comment       0x00000000000002ac       0x12 /opt/ps2dev/ps2sdk/ee/lib/libkernel.a(EnableDmac.o)
 .comment       0x00000000000002be       0x12 /opt/ps2dev/ps2sdk/ee/lib/libkernel.a(iDisableIntc.o)
 .comment       0x00000000000002d0       0x12 /opt/ps2dev/ps2sdk/ee/lib/libkernel.a(SyncDCache.o)
 .comment       0x00000000000002e2       0x12 /opt/ps2dev/ps2sdk/ee/lib/libkernel.a(iSyncDCache.o)
 .comment       0x00000000000002f4       0x12 /opt/ps2dev/ps2sdk/ee/lib/libkernel.a(GetSyscallHandler.o)
 .comment       0x0000000000000306       0x12 /opt/ps2dev/ps2sdk/ee/lib/libkernel.a(iWakeupThread.o)
 .comment       0x0000000000000318       0x12 /opt/ps2dev/ps2sdk/ee/lib/libkernel.a(iSuspendThread.o)
 .comment       0x000000000000032a       0x12 /opt/ps2dev/ps2sdk/ee/lib/libkernel.a(ExecPS2.o)
 .comment       0x000000000000033c       0x12 /opt/ps2dev/ps2sdk/ee/lib/libkernel.a(LoadExecPS2.o)
 .comment       0x000000000000034e       0x12 /opt/ps2dev/ps2sdk/ee/lib/libkernel.a(sif_cmd_send.o)
 .comment       0x0000000000000360       0x12 /opt/ps2dev/ps2sdk/ee/lib/libkernel.a(sif_cmd_main.o)
 .comment       0x0000000000000372       0x12 /opt/ps2dev/ps2sdk/ee/lib/libkernel.a(sif_cmd_client.o)
 .comment       0x0000000000000384       0x12 /opt/ps2dev/ps2sdk/ee/lib/libkernel.a(sif_sreg_get.o)
 .comment       0x0000000000000396       0x12 /opt/ps2dev/ps2sdk/ee/lib/libkernel.a(__fio_internals.o)
 .comment       0x00000000000003a8       0x12 /opt/ps2dev/ps2sdk/ee/lib/libkernel.a(_fio_intr.o)
 .comment       0x00000000000003ba       0x12 /opt/ps2dev/ps2sdk/ee/lib/libkernel.a(DisableDmac.o)
 .comment       0x00000000000003cc       0x12 /opt/ps2dev/ps2sdk/ee/lib/libkernel.a(TerminateLibrary.o)
 .comment       0x00000000000003de       0x12 /opt/ps2dev/ps2sdk/ee/lib/libkernel.a(_thread_internals.o)
 .comment       0x00000000000003f0       0x12 /opt/ps2dev/ps2sdk/ee/lib/libkernel.a(tlbfunc.o)
 .comment       0x0000000000000402       0x12 /opt/ps2dev/ps2sdk/ee/lib/libkernel.a(tlbsrc_bin.o)
 .comment       0x0000000000000414       0x12 /opt/ps2dev/ps2sdk/ee/lib/libkernel.a(_exit_internals.o)
 .comment       0x0000000000000426       0x12 /opt/ps2dev/ps2sdk/ee/lib/libkernel.a(SetArg.o)
 .comment       0x0000000000000438       0x12 /opt/ps2dev/ps2sdk/ee/lib/libkernel.a(Exit.o)
 .comment       0x000000000000044a       0x12 /opt/ps2dev/ps2sdk/ee/lib/libkernel.a(kCopy.o)
 .comment       0x000000000000045c       0x12 /opt/ps2dev/ps2sdk/ee/lib/libkernel.a(kCopyBytes.o)
 .comment       0x000000000000046e       0x12 /opt/ps2dev/ps2sdk/ee/lib/libkernel.a(_sif_cmd_int_handler.o)
