Archive member included because of file (symbol)

/opt/ps2dev/ps2sdk/ee/lib/libkernel.a(ResetEE.o)
                              elfldr.o (ResetEE)
/opt/ps2dev/ps2sdk/ee/lib/libkernel.a(SleepThread.o)
                              elfldr.o (SleepThread)
/opt/ps2dev/ps2sdk/ee/lib/libkernel.a(FlushCache.o)
                              elfldr.o (FlushCache)
/opt/ps2dev/ps2sdk/ee/lib/libkernel.a(strlen.o)
                              elfldr.o (strlen)
/opt/ps2dev/ps2sdk/ee/lib/libkernel.a(memcpy.o)
                              elfldr.o (memcpy)
/opt/ps2dev/ps2sdk/ee/lib/libkernel.a(memset.o)
                              elfldr.o (memset)
/opt/ps2dev/ps2sdk/ee/lib/libkernel.a(SifRpcMain.o)
                              elfldr.o (SifExitRpc)
/opt/ps2dev/ps2sdk/ee/lib/libkernel.a(_rpc_get_fpacket.o)
                              /opt/ps2dev/ps2sdk/ee/lib/libkernel.a(SifRpcMain.o) (_rpc_get_fpacket)
/opt/ps2dev/ps2sdk/ee/lib/libkernel.a(fio_init.o)
                              elfldr.o (fioInit)
/opt/ps2dev/ps2sdk/ee/lib/libkernel.a(fio_exit.o)
                              elfldr.o (fioExit)
/opt/ps2dev/ps2sdk/ee/lib/libkernel.a(fio_open.o)
                              elfldr.o (fioOpen)
/opt/ps2dev/ps2sdk/ee/lib/libkernel.a(fio_close.o)
                              elfldr.o (fioClose)
/opt/ps2dev/ps2sdk/ee/lib/libkernel.a(fio_read.o)
                              elfldr.o (fioRead)
/opt/ps2dev/ps2sdk/ee/lib/libkernel.a(fio_lseek.o)
                              elfldr.o (fioLseek)
/opt/ps2dev/ps2sdk/ee/lib/libkernel.a(_fio_read_intr.o)
                              /opt/ps2dev/ps2sdk/ee/lib/libkernel.a(fio_read.o) (_fio_read_intr)
/opt/ps2dev/ps2sdk/ee/lib/libkernel.a(SifLoadFileExit.o)
                              elfldr.o (SifLoadFileExit)
/opt/ps2dev/ps2sdk/ee/lib/libkernel.a(SifExitIopHeap.o)
                              elfldr.o (SifExitIopHeap)
/opt/ps2dev/ps2sdk/ee/lib/libkernel.a(__iop_control_internals.o)
                              /opt/ps2dev/ps2sdk/ee/lib/libkernel.a(SifRpcMain.o) (_iop_reboot_count)
/opt/ps2dev/ps2sdk/ee/lib/libkernel.a(DIntr.o)
                              elfldr.o (DIntr)
/opt/ps2dev/ps2sdk/ee/lib/libkernel.a(EIntr.o)
                              elfldr.o (EIntr)
/opt/ps2dev/ps2sdk/ee/lib/libkernel.a(iWakeupThread.o)
                              /opt/ps2dev/ps2sdk/ee/lib/libkernel.a(SifRpcMain.o) (iWakeupThread)
/opt/ps2dev/ps2sdk/ee/lib/libkernel.a(ExecPS2.o)
                              elfldr.o (ExecPS2)
/opt/ps2dev/ps2sdk/ee/lib/libkernel.a(_ExecPS2.o)
                              /opt/ps2dev/ps2sdk/ee/lib/libkernel.a(ExecPS2.o) (_ExecPS2)
/opt/ps2dev/ps2sdk/ee/lib/libkernel.a(_iGetThreadId.o)
                              /opt/ps2dev/ps2sdk/ee/lib/libkernel.a(iWakeupThread.o) (_iGetThreadId)
/opt/ps2dev/ps2sdk/ee/lib/libkernel.a(_iWakeupThread.o)
                              /opt/ps2dev/ps2sdk/ee/lib/libkernel.a(iWakeupThread.o) (_iWakeupThread)
/opt/ps2dev/ps2sdk/ee/lib/libkernel.a(CreateSema.o)
                              /opt/ps2dev/ps2sdk/ee/lib/libkernel.a(fio_init.o) (CreateSema)
/opt/ps2dev/ps2sdk/ee/lib/libkernel.a(DeleteSema.o)
                              /opt/ps2dev/ps2sdk/ee/lib/libkernel.a(fio_exit.o) (DeleteSema)
/opt/ps2dev/ps2sdk/ee/lib/libkernel.a(iSignalSema.o)
                              /opt/ps2dev/ps2sdk/ee/lib/libkernel.a(SifRpcMain.o) (iSignalSema)
/opt/ps2dev/ps2sdk/ee/lib/libkernel.a(SignalSema.o)
                              /opt/ps2dev/ps2sdk/ee/lib/libkernel.a(fio_open.o) (SignalSema)
/opt/ps2dev/ps2sdk/ee/lib/libkernel.a(WaitSema.o)
                              /opt/ps2dev/ps2sdk/ee/lib/libkernel.a(fio_open.o) (WaitSema)
/opt/ps2dev/ps2sdk/ee/lib/libkernel.a(SifSetReg.o)
                              /opt/ps2dev/ps2sdk/ee/lib/libkernel.a(SifRpcMain.o) (SifSetReg)
/opt/ps2dev/ps2sdk/ee/lib/libkernel.a(SifGetReg.o)
                              /opt/ps2dev/ps2sdk/ee/lib/libkernel.a(SifRpcMain.o) (SifGetReg)
/opt/ps2dev/ps2sdk/ee/lib/libkernel.a(SifWriteBackDCache.o)
                              /opt/ps2dev/ps2sdk/ee/lib/libkernel.a(fio_read.o) (SifWriteBackDCache)
/opt/ps2dev/ps2sdk/ee/lib/libkernel.a(strncpy.o)
                              /opt/ps2dev/ps2sdk/ee/lib/libkernel.a(fio_open.o) (strncpy)
/opt/ps2dev/ps2sdk/ee/lib/libkernel.a(sif_cmd_send.o)
                              /opt/ps2dev/ps2sdk/ee/lib/libkernel.a(SifRpcMain.o) (SifSendCmd)
/opt/ps2dev/ps2sdk/ee/lib/libkernel.a(sif_cmd_main.o)
                              /opt/ps2dev/ps2sdk/ee/lib/libkernel.a(SifRpcMain.o) (SifInitCmd)
/opt/ps2dev/ps2sdk/ee/lib/libkernel.a(sif_cmd_client.o)
                              /opt/ps2dev/ps2sdk/ee/lib/libkernel.a(SifRpcMain.o) (SifAddCmdHandler)
/opt/ps2dev/ps2sdk/ee/lib/libkernel.a(sif_sreg_get.o)
                              /opt/ps2dev/ps2sdk/ee/lib/libkernel.a(SifRpcMain.o) (SifGetSreg)
/opt/ps2dev/ps2sdk/ee/lib/libkernel.a(SifBindRpc.o)
                              /opt/ps2dev/ps2sdk/ee/lib/libkernel.a(fio_init.o) (SifBindRpc)
/opt/ps2dev/ps2sdk/ee/lib/libkernel.a(SifCallRpc.o)
                              /opt/ps2dev/ps2sdk/ee/lib/libkernel.a(fio_open.o) (SifCallRpc)
/opt/ps2dev/ps2sdk/ee/lib/libkernel.a(_rpc_get_packet.o)
                              /opt/ps2dev/ps2sdk/ee/lib/libkernel.a(SifBindRpc.o) (_rpc_get_packet)
/opt/ps2dev/ps2sdk/ee/lib/libkernel.a(__fio_internals.o)
                              /opt/ps2dev/ps2sdk/ee/lib/libkernel.a(fio_init.o) (_fio_init)
/opt/ps2dev/ps2sdk/ee/lib/libkernel.a(_fio_intr.o)
                              /opt/ps2dev/ps2sdk/ee/lib/libkernel.a(fio_open.o) (_fio_intr)
/opt/ps2dev/ps2sdk/ee/lib/libkernel.a(SifLoadFileInit.o)
                              /opt/ps2dev/ps2sdk/ee/lib/libkernel.a(SifLoadFileExit.o) (_lf_init)
/opt/ps2dev/ps2sdk/ee/lib/libkernel.a(SifInitIopHeap.o)
                              /opt/ps2dev/ps2sdk/ee/lib/libkernel.a(SifExitIopHeap.o) (_ih_caps)
/opt/ps2dev/ps2sdk/ee/lib/libkernel.a(EnableDmac.o)
                              /opt/ps2dev/ps2sdk/ee/lib/libkernel.a(sif_cmd_main.o) (EnableDmac)
/opt/ps2dev/ps2sdk/ee/lib/libkernel.a(DisableDmac.o)
                              /opt/ps2dev/ps2sdk/ee/lib/libkernel.a(sif_cmd_main.o) (DisableDmac)
/opt/ps2dev/ps2sdk/ee/lib/libkernel.a(TerminateLibrary.o)
                              /opt/ps2dev/ps2sdk/ee/lib/libkernel.a(ExecPS2.o) (TerminateLibrary)
/opt/ps2dev/ps2sdk/ee/lib/libkernel.a(_thread_internals.o)
                              /opt/ps2dev/ps2sdk/ee/lib/libkernel.a(iWakeupThread.o) (topId)
/opt/ps2dev/ps2sdk/ee/lib/libkernel.a(tlbfunc.o)
                              /opt/ps2dev/ps2sdk/ee/lib/libkernel.a(TerminateLibrary.o) (InitTLB)
/opt/ps2dev/ps2sdk/ee/lib/libkernel.a(tlbsrc_bin.o)
                              /opt/ps2dev/ps2sdk/ee/lib/libkernel.a(tlbfunc.o) (size_tlbsrc)
/opt/ps2dev/ps2sdk/ee/lib/libkernel.a(_exit_internals.o)
                              /opt/ps2dev/ps2sdk/ee/lib/libkernel.a(ExecPS2.o) (_kExecArg)
/opt/ps2dev/ps2sdk/ee/lib/libkernel.a(SetArg.o)
                              /opt/ps2dev/ps2sdk/ee/lib/libkernel.a(ExecPS2.o) (SetArg)
/opt/ps2dev/ps2sdk/ee/lib/libkernel.a(Exit.o)
                              /opt/ps2dev/ps2sdk/ee/lib/libkernel.a(tlbfunc.o) (Exit)
/opt/ps2dev/ps2sdk/ee/lib/libkernel.a(kCopy.o)
                              /opt/ps2dev/ps2sdk/ee/lib/libkernel.a(tlbfunc.o) (kCopy)
/opt/ps2dev/ps2sdk/ee/lib/libkernel.a(kCopyBytes.o)
                              /opt/ps2dev/ps2sdk/ee/lib/libkernel.a(SetArg.o) (kCopyBytes)
/opt/ps2dev/ps2sdk/ee/lib/libkernel.a(setup_syscalls.o)
                              /opt/ps2dev/ps2sdk/ee/lib/libkernel.a(tlbfunc.o) (setup)
/opt/ps2dev/ps2sdk/ee/lib/libkernel.a(_Exit.o)
                              /opt/ps2dev/ps2sdk/ee/lib/libkernel.a(Exit.o) (_Exit)
/opt/ps2dev/ps2sdk/ee/lib/libkernel.a(AddDmacHandler.o)
                              /opt/ps2dev/ps2sdk/ee/lib/libkernel.a(sif_cmd_main.o) (AddDmacHandler)
/opt/ps2dev/ps2sdk/ee/lib/libkernel.a(RemoveDmacHandler.o)
                              /opt/ps2dev/ps2sdk/ee/lib/libkernel.a(sif_cmd_main.o) (RemoveDmacHandler)
/opt/ps2dev/ps2sdk/ee/lib/libkernel.a(_EnableDmac.o)
                              /opt/ps2dev/ps2sdk/ee/lib/libkernel.a(EnableDmac.o) (_EnableDmac)
/opt/ps2dev/ps2sdk/ee/lib/libkernel.a(_DisableDmac.o)
                              /opt/ps2dev/ps2sdk/ee/lib/libkernel.a(DisableDmac.o) (_DisableDmac)
/opt/ps2dev/ps2sdk/ee/lib/libkernel.a(CreateThread.o)
                              /opt/ps2dev/ps2sdk/ee/lib/libkernel.a(_thread_internals.o) (CreateThread)
/opt/ps2dev/ps2sdk/ee/lib/libkernel.a(StartThread.o)
                              /opt/ps2dev/ps2sdk/ee/lib/libkernel.a(_thread_internals.o) (StartThread)
/opt/ps2dev/ps2sdk/ee/lib/libkernel.a(ChangeThreadPriority.o)
                              /opt/ps2dev/ps2sdk/ee/lib/libkernel.a(_thread_internals.o) (ChangeThreadPriority)
/opt/ps2dev/ps2sdk/ee/lib/libkernel.a(RotateThreadReadyQueue.o)
                              /opt/ps2dev/ps2sdk/ee/lib/libkernel.a(_thread_internals.o) (RotateThreadReadyQueue)
/opt/ps2dev/ps2sdk/ee/lib/libkernel.a(GetThreadId.o)
                              /opt/ps2dev/ps2sdk/ee/lib/libkernel.a(_thread_internals.o) (GetThreadId)
/opt/ps2dev/ps2sdk/ee/lib/libkernel.a(WakeupThread.o)
                              /opt/ps2dev/ps2sdk/ee/lib/libkernel.a(_thread_internals.o) (WakeupThread)
/opt/ps2dev/ps2sdk/ee/lib/libkernel.a(SuspendThread.o)
                              /opt/ps2dev/ps2sdk/ee/lib/libkernel.a(_thread_internals.o) (SuspendThread)
/opt/ps2dev/ps2sdk/ee/lib/libkernel.a(_SetTLBEntry.o)
                              /opt/ps2dev/ps2sdk/ee/lib/libkernel.a(tlbfunc.o) (_SetTLBEntry)
/opt/ps2dev/ps2sdk/ee/lib/libkernel.a(SifSetDma.o)
                              /opt/ps2dev/ps2sdk/ee/lib/libkernel.a(sif_cmd_send.o) (SifSetDma)
/opt/ps2dev/ps2sdk/ee/lib/libkernel.a(iSifSetDma.o)
                              /opt/ps2dev/ps2sdk/ee/lib/libkernel.a(sif_cmd_send.o) (iSifSetDma)
/opt/ps2dev/ps2sdk/ee/lib/libkernel.a(SifSetDChain.o)
                              /opt/ps2dev/ps2sdk/ee/lib/libkernel.a(sif_cmd_main.o) (SifSetDChain)
/opt/ps2dev/ps2sdk/ee/lib/libkernel.a(GetMemorySize.o)
                              /opt/ps2dev/ps2sdk/ee/lib/libkernel.a(tlbfunc.o) (GetMemorySize)
/opt/ps2dev/ps2sdk/ee/lib/libkernel.a(_InitTLB.o)
                              /opt/ps2dev/ps2sdk/ee/lib/libkernel.a(tlbfunc.o) (_InitTLB)
/opt/ps2dev/ps2sdk/ee/lib/libkernel.a(_sif_cmd_int_handler.o)
                              /opt/ps2dev/ps2sdk/ee/lib/libkernel.a(sif_cmd_main.o) (_SifCmdIntHandler)
/opt/ps2dev/ps2sdk/ee/lib/libkernel.a(iSifSetDChain.o)
                              /opt/ps2dev/ps2sdk/ee/lib/libkernel.a(_sif_cmd_int_handler.o) (iSifSetDChain)

Allocating common symbols
Common symbol       size              file

_ih_cd              0x28              /opt/ps2dev/ps2sdk/ee/lib/libkernel.a(SifInitIopHeap.o)
stack               0x400             /opt/ps2dev/ps2sdk/ee/lib/libkernel.a(_thread_internals.o)
_lf_cd              0x28              /opt/ps2dev/ps2sdk/ee/lib/libkernel.a(SifLoadFileInit.o)
_sif_cmd_data       0x20              /opt/ps2dev/ps2sdk/ee/lib/libkernel.a(sif_cmd_main.o)
_fio_cd             0x28              /opt/ps2dev/ps2sdk/ee/lib/libkernel.a(__fio_internals.o)
_fio_intr_data      0x80              /opt/ps2dev/ps2sdk/ee/lib/libkernel.a(__fio_internals.o)
_fio_block_mode     0x4               /opt/ps2dev/ps2sdk/ee/lib/libkernel.a(__fio_internals.o)
_kExecArg           0x4               /opt/ps2dev/ps2sdk/ee/lib/libkernel.a(_exit_internals.o)
_fio_recv_data      0x800             /opt/ps2dev/ps2sdk/ee/lib/libkernel.a(__fio_internals.o)

Memory Configuration

Name             Origin             Length             Attributes
*default*        0x0000000000000000 0xffffffffffffffff

Linker script and memory map

LOAD elfldr.o
LOAD crt0.o
LOAD /opt/ps2dev/ps2sdk/ee/lib/libkernel.a
LOAD /opt/ps2dev/ee/lib/gcc-lib/ee/3.2.3/libgcc.a
LOAD /opt/ps2dev/ee/lib/gcc-lib/ee/3.2.3/../../../../ee/lib/libps2sdkc.a
LOAD /opt/ps2dev/ps2sdk/ee/lib/libkernel.a
LOAD /opt/ps2dev/ps2sdk/ee/lib/libc.a
LOAD /opt/ps2dev/ee/lib/gcc-lib/ee/3.2.3/../../../../ee/lib/libg.a
LOAD /opt/ps2dev/ee/lib/gcc-lib/ee/3.2.3/../../../../ee/lib/libm.a
LOAD /opt/ps2dev/ee/lib/gcc-lib/ee/3.2.3/libgcc.a

.text           0x0000000000090000     0x2b18
                0x0000000000090000                _ftext = .
 *(.text)
 .text          0x0000000000090000      0x350 elfldr.o
                0x0000000000090200                main
 .text          0x0000000000090350      0x170 crt0.o
                0x0000000000090358                _start
                0x0000000000090420                _exit
 .text          0x00000000000904c0       0x10 /opt/ps2dev/ps2sdk/ee/lib/libkernel.a(ResetEE.o)
                0x00000000000904c0                ResetEE
 .text          0x00000000000904d0       0x10 /opt/ps2dev/ps2sdk/ee/lib/libkernel.a(SleepThread.o)
                0x00000000000904d0                SleepThread
 .text          0x00000000000904e0       0x10 /opt/ps2dev/ps2sdk/ee/lib/libkernel.a(FlushCache.o)
                0x00000000000904e0                FlushCache
 .text          0x00000000000904f0      0x138 /opt/ps2dev/ps2sdk/ee/lib/libkernel.a(strlen.o)
                0x00000000000904f0                strlen
 .text          0x0000000000090628       0xb0 /opt/ps2dev/ps2sdk/ee/lib/libkernel.a(memcpy.o)
                0x0000000000090628                memcpy
 .text          0x00000000000906d8       0xc0 /opt/ps2dev/ps2sdk/ee/lib/libkernel.a(memset.o)
                0x00000000000906d8                memset
 .text          0x0000000000090798      0x448 /opt/ps2dev/ps2sdk/ee/lib/libkernel.a(SifRpcMain.o)
                0x0000000000090a50                SifInitRpc
                0x0000000000090bb8                SifExitRpc
 .text          0x0000000000090be0       0x30 /opt/ps2dev/ps2sdk/ee/lib/libkernel.a(_rpc_get_fpacket.o)
                0x0000000000090be0                _rpc_get_fpacket
 .text          0x0000000000090c10      0x138 /opt/ps2dev/ps2sdk/ee/lib/libkernel.a(fio_init.o)
                0x0000000000090c10                fioInit
 .text          0x0000000000090d48       0x70 /opt/ps2dev/ps2sdk/ee/lib/libkernel.a(fio_exit.o)
                0x0000000000090d48                fioExit
 .text          0x0000000000090db8       0xf8 /opt/ps2dev/ps2sdk/ee/lib/libkernel.a(fio_open.o)
                0x0000000000090db8                fioOpen
 .text          0x0000000000090eb0       0xb0 /opt/ps2dev/ps2sdk/ee/lib/libkernel.a(fio_close.o)
                0x0000000000090eb0                fioClose
 .text          0x0000000000090f60      0x130 /opt/ps2dev/ps2sdk/ee/lib/libkernel.a(fio_read.o)
                0x0000000000090f60                fioRead
 .text          0x0000000000091090       0xd0 /opt/ps2dev/ps2sdk/ee/lib/libkernel.a(fio_lseek.o)
                0x0000000000091090                fioLseek
 .text          0x0000000000091160       0x88 /opt/ps2dev/ps2sdk/ee/lib/libkernel.a(_fio_read_intr.o)
                0x0000000000091160                _fio_read_intr
 .text          0x00000000000911e8       0x30 /opt/ps2dev/ps2sdk/ee/lib/libkernel.a(SifLoadFileExit.o)
                0x00000000000911e8                SifLoadFileExit
 .text          0x0000000000091218       0x10 /opt/ps2dev/ps2sdk/ee/lib/libkernel.a(SifExitIopHeap.o)
                0x0000000000091218                SifExitIopHeap
 .text          0x0000000000091228       0x48 /opt/ps2dev/ps2sdk/ee/lib/libkernel.a(DIntr.o)
                0x0000000000091228                DIntr
 .text          0x0000000000091270       0x18 /opt/ps2dev/ps2sdk/ee/lib/libkernel.a(EIntr.o)
                0x0000000000091270                EIntr
 .text          0x0000000000091288       0x98 /opt/ps2dev/ps2sdk/ee/lib/libkernel.a(iWakeupThread.o)
                0x0000000000091288                iWakeupThread
 .text          0x0000000000091320       0x70 /opt/ps2dev/ps2sdk/ee/lib/libkernel.a(ExecPS2.o)
                0x0000000000091320                ExecPS2
 .text          0x0000000000091390       0x10 /opt/ps2dev/ps2sdk/ee/lib/libkernel.a(_ExecPS2.o)
                0x0000000000091390                _ExecPS2
 .text          0x00000000000913a0       0x10 /opt/ps2dev/ps2sdk/ee/lib/libkernel.a(_iGetThreadId.o)
                0x00000000000913a0                _iGetThreadId
 .text          0x00000000000913b0       0x10 /opt/ps2dev/ps2sdk/ee/lib/libkernel.a(_iWakeupThread.o)
                0x00000000000913b0                _iWakeupThread
 .text          0x00000000000913c0       0x10 /opt/ps2dev/ps2sdk/ee/lib/libkernel.a(CreateSema.o)
                0x00000000000913c0                CreateSema
 .text          0x00000000000913d0       0x10 /opt/ps2dev/ps2sdk/ee/lib/libkernel.a(DeleteSema.o)
                0x00000000000913d0                DeleteSema
 .text          0x00000000000913e0       0x10 /opt/ps2dev/ps2sdk/ee/lib/libkernel.a(iSignalSema.o)
                0x00000000000913e0                iSignalSema
 .text          0x00000000000913f0       0x10 /opt/ps2dev/ps2sdk/ee/lib/libkernel.a(SignalSema.o)
                0x00000000000913f0                SignalSema
 .text          0x0000000000091400       0x10 /opt/ps2dev/ps2sdk/ee/lib/libkernel.a(WaitSema.o)
                0x0000000000091400                WaitSema
 .text          0x0000000000091410       0x10 /opt/ps2dev/ps2sdk/ee/lib/libkernel.a(SifSetReg.o)
                0x0000000000091410                SifSetReg
 .text          0x0000000000091420       0x10 /opt/ps2dev/ps2sdk/ee/lib/libkernel.a(SifGetReg.o)
                0x0000000000091420                SifGetReg
 .text          0x0000000000091430       0xb0 /opt/ps2dev/ps2sdk/ee/lib/libkernel.a(SifWriteBackDCache.o)
                0x0000000000091430                SifWriteBackDCache
 .text          0x00000000000914e0      0x1c0 /opt/ps2dev/ps2sdk/ee/lib/libkernel.a(strncpy.o)
                0x00000000000914e0                strncpy
 .text          0x00000000000916a0      0x1b0 /opt/ps2dev/ps2sdk/ee/lib/libkernel.a(sif_cmd_send.o)
                0x00000000000917d0                SifSendCmd
                0x0000000000091810                iSifSendCmd
 .text          0x0000000000091850      0x2f8 /opt/ps2dev/ps2sdk/ee/lib/libkernel.a(sif_cmd_main.o)
                0x0000000000091880                SifInitCmd
                0x0000000000091b10                SifExitCmd
 .text          0x0000000000091b48       0x58 /opt/ps2dev/ps2sdk/ee/lib/libkernel.a(sif_cmd_client.o)
                0x0000000000091b60                SifAddCmdHandler
                0x0000000000091b48                SifSetCmdBuffer
 .text          0x0000000000091ba0       0x18 /opt/ps2dev/ps2sdk/ee/lib/libkernel.a(sif_sreg_get.o)
                0x0000000000091ba0                SifGetSreg
 .text          0x0000000000091bb8      0x128 /opt/ps2dev/ps2sdk/ee/lib/libkernel.a(SifBindRpc.o)
                0x0000000000091bb8                SifBindRpc
 .text          0x0000000000091ce0      0x1b8 /opt/ps2dev/ps2sdk/ee/lib/libkernel.a(SifCallRpc.o)
                0x0000000000091ce0                SifCallRpc
 .text          0x0000000000091e98       0xc0 /opt/ps2dev/ps2sdk/ee/lib/libkernel.a(_rpc_get_packet.o)
                0x0000000000091e98                _rpc_get_packet
 .text          0x0000000000091f58       0x20 /opt/ps2dev/ps2sdk/ee/lib/libkernel.a(_fio_intr.o)
                0x0000000000091f58                _fio_intr
 .text          0x0000000000091f78      0x100 /opt/ps2dev/ps2sdk/ee/lib/libkernel.a(SifLoadFileInit.o)
                0x0000000000091f78                SifLoadFileInit
 .text          0x0000000000092078      0x108 /opt/ps2dev/ps2sdk/ee/lib/libkernel.a(SifInitIopHeap.o)
                0x0000000000092078                SifInitIopHeap
 .text          0x0000000000092180       0x78 /opt/ps2dev/ps2sdk/ee/lib/libkernel.a(EnableDmac.o)
                0x0000000000092180                EnableDmac
 .text          0x00000000000921f8       0x78 /opt/ps2dev/ps2sdk/ee/lib/libkernel.a(DisableDmac.o)
                0x00000000000921f8                DisableDmac
 .text          0x0000000000092270       0x20 /opt/ps2dev/ps2sdk/ee/lib/libkernel.a(TerminateLibrary.o)
                0x0000000000092270                TerminateLibrary
 .text          0x0000000000092290      0x198 /opt/ps2dev/ps2sdk/ee/lib/libkernel.a(_thread_internals.o)
                0x0000000000092338                InitThread
 .text          0x0000000000092428      0x2b0 /opt/ps2dev/ps2sdk/ee/lib/libkernel.a(tlbfunc.o)
                0x00000000000924e0                InitTLB
                0x0000000000092428                InitTLBFunctions
 .text          0x00000000000926d8      0x120 /opt/ps2dev/ps2sdk/ee/lib/libkernel.a(SetArg.o)
                0x00000000000926d8                SetArg
 .text          0x00000000000927f8       0x20 /opt/ps2dev/ps2sdk/ee/lib/libkernel.a(Exit.o)
                0x00000000000927f8                Exit
 .text          0x0000000000092818       0x48 /opt/ps2dev/ps2sdk/ee/lib/libkernel.a(kCopy.o)
                0x0000000000092818                kCopy
 .text          0x0000000000092860       0x38 /opt/ps2dev/ps2sdk/ee/lib/libkernel.a(kCopyBytes.o)
                0x0000000000092860                kCopyBytes
 .text          0x0000000000092898       0x3c /opt/ps2dev/ps2sdk/ee/lib/libkernel.a(setup_syscalls.o)
                0x00000000000928ac                Copy
                0x0000000000092898                setup
                0x00000000000928c0                GetEntryAddress
 *fill*         0x00000000000928d4        0xc 00
 .text          0x00000000000928e0       0x10 /opt/ps2dev/ps2sdk/ee/lib/libkernel.a(_Exit.o)
                0x00000000000928e0                _Exit
 .text          0x00000000000928f0       0x10 /opt/ps2dev/ps2sdk/ee/lib/libkernel.a(AddDmacHandler.o)
                0x00000000000928f0                AddDmacHandler
 .text          0x0000000000092900       0x10 /opt/ps2dev/ps2sdk/ee/lib/libkernel.a(RemoveDmacHandler.o)
                0x0000000000092900                RemoveDmacHandler
 .text          0x0000000000092910       0x10 /opt/ps2dev/ps2sdk/ee/lib/libkernel.a(_EnableDmac.o)
                0x0000000000092910                _EnableDmac
 .text          0x0000000000092920       0x10 /opt/ps2dev/ps2sdk/ee/lib/libkernel.a(_DisableDmac.o)
                0x0000000000092920                _DisableDmac
 .text          0x0000000000092930       0x10 /opt/ps2dev/ps2sdk/ee/lib/libkernel.a(CreateThread.o)
                0x0000000000092930                CreateThread
 .text          0x0000000000092940       0x10 /opt/ps2dev/ps2sdk/ee/lib/libkernel.a(StartThread.o)
                0x0000000000092940                StartThread
 .text          0x0000000000092950       0x10 /opt/ps2dev/ps2sdk/ee/lib/libkernel.a(ChangeThreadPriority.o)
                0x0000000000092950                ChangeThreadPriority
 .text          0x0000000000092960       0x10 /opt/ps2dev/ps2sdk/ee/lib/libkernel.a(RotateThreadReadyQueue.o)
                0x0000000000092960                RotateThreadReadyQueue
 .text          0x0000000000092970       0x10 /opt/ps2dev/ps2sdk/ee/lib/libkernel.a(GetThreadId.o)
                0x0000000000092970                GetThreadId
 .text          0x0000000000092980       0x10 /opt/ps2dev/ps2sdk/ee/lib/libkernel.a(WakeupThread.o)
                0x0000000000092980                WakeupThread
 .text          0x0000000000092990       0x10 /opt/ps2dev/ps2sdk/ee/lib/libkernel.a(SuspendThread.o)
                0x0000000000092990                SuspendThread
 .text          0x00000000000929a0       0x10 /opt/ps2dev/ps2sdk/ee/lib/libkernel.a(_SetTLBEntry.o)
                0x00000000000929a0                _SetTLBEntry
 .text          0x00000000000929b0       0x10 /opt/ps2dev/ps2sdk/ee/lib/libkernel.a(SifSetDma.o)
                0x00000000000929b0                SifSetDma
 .text          0x00000000000929c0       0x10 /opt/ps2dev/ps2sdk/ee/lib/libkernel.a(iSifSetDma.o)
                0x00000000000929c0                iSifSetDma
 .text          0x00000000000929d0       0x10 /opt/ps2dev/ps2sdk/ee/lib/libkernel.a(SifSetDChain.o)
                0x00000000000929d0                SifSetDChain
 .text          0x00000000000929e0       0x10 /opt/ps2dev/ps2sdk/ee/lib/libkernel.a(GetMemorySize.o)
                0x00000000000929e0                GetMemorySize
 .text          0x00000000000929f0       0x10 /opt/ps2dev/ps2sdk/ee/lib/libkernel.a(_InitTLB.o)
                0x00000000000929f0                _InitTLB
 .text          0x0000000000092a00      0x100 /opt/ps2dev/ps2sdk/ee/lib/libkernel.a(_sif_cmd_int_handler.o)
                0x0000000000092a00                _SifCmdIntHandler
 .text          0x0000000000092b00       0x10 /opt/ps2dev/ps2sdk/ee/lib/libkernel.a(iSifSetDChain.o)
                0x0000000000092b00                iSifSetDChain
 *(.text.*)
 *(.gnu.linkonce.t*)
 *(.init)
 *(.fini)
                0x0000000000092b10        0x8 QUAD 0x0
                0x0000000000092b18                PROVIDE (_etext, .)
                0x0000000000092b18                PROVIDE (etext, .)

.reginfo        0x0000000000092b18       0x18
 *(.reginfo)
 .reginfo       0x0000000000092b18       0x18 elfldr.o

.ctors
 *crtbegin*.o(.ctors)
 *(EXCLUDE_FILE(*crtend*.o) .ctors)
 *(SORT(.ctors.*))
 *(.ctors)

.dtors
 *crtbegin*.o(.dtors)
 *(EXCLUDE_FILE(*crtend*.o) .dtors)
 *(SORT(.dtors.*))
 *(.dtors)

.rodata         0x0000000000092b80      0x2c8
 *(.rodata)
 .rodata        0x0000000000092b80        0x8 /opt/ps2dev/ps2sdk/ee/lib/libkernel.a(ExecPS2.o)
 .rodata        0x0000000000092b88       0x10 /opt/ps2dev/ps2sdk/ee/lib/libkernel.a(_thread_internals.o)
 .rodata        0x0000000000092b98      0x2b0 /opt/ps2dev/ps2sdk/ee/lib/libkernel.a(tlbfunc.o)
 *(.rodata.*)
 *(.gnu.linkonce.r*)

.rel.dyn

.data           0x0000000000092e80      0x8c8
                0x0000000000092e80                _fdata = .
 *(.data)
 .data          0x0000000000092e80       0x38 /opt/ps2dev/ps2sdk/ee/lib/libkernel.a(SifRpcMain.o)
                0x0000000000092e80                _sif_rpc_data
 .data          0x0000000000092eb8        0x4 /opt/ps2dev/ps2sdk/ee/lib/libkernel.a(fio_init.o)
 .data          0x0000000000092ebc        0x4 /opt/ps2dev/ps2sdk/ee/lib/libkernel.a(__iop_control_internals.o)
                0x0000000000092ebc                _iop_reboot_count
 .data          0x0000000000092ec0        0xc /opt/ps2dev/ps2sdk/ee/lib/libkernel.a(sif_cmd_main.o)
 .data          0x0000000000092ecc        0xc /opt/ps2dev/ps2sdk/ee/lib/libkernel.a(__fio_internals.o)
                0x0000000000092ed4                _fio_completion_sema
                0x0000000000092ed0                _fio_io_sema
                0x0000000000092ecc                _fio_init
 .data          0x0000000000092ed8        0x8 /opt/ps2dev/ps2sdk/ee/lib/libkernel.a(SifLoadFileInit.o)
                0x0000000000092ed8                _lf_init
 .data          0x0000000000092ee0        0x8 /opt/ps2dev/ps2sdk/ee/lib/libkernel.a(SifInitIopHeap.o)
                0x0000000000092ee0                _ih_caps
 .data          0x0000000000092ee8      0x410 /opt/ps2dev/ps2sdk/ee/lib/libkernel.a(_thread_internals.o)
                0x0000000000092ee8                topId
                0x0000000000092eec                topSema
                0x0000000000092ef0                topArg
 .data          0x00000000000932f8       0x20 /opt/ps2dev/ps2sdk/ee/lib/libkernel.a(tlbfunc.o)
 *fill*         0x0000000000093318        0x8 00
 .data          0x0000000000093320      0x420 /opt/ps2dev/ps2sdk/ee/lib/libkernel.a(tlbsrc_bin.o)
                0x0000000000093320                size_tlbsrc
                0x0000000000093330                tlbsrc
 .data          0x0000000000093740        0x8 /opt/ps2dev/ps2sdk/ee/lib/libkernel.a(SetArg.o)
                0x0000000000093740                SysEntry
 *(.data.*)
 *(.gnu.linkonce.d*)

.rdata
 *(.rdata)

.gcc_except_table
 *(.gcc_except_table)
                0x000000000009b770                _gp = (ALIGN (0x80) + 0x7ff0)

.lit4
 *(.lit4)

.lit8
 *(.lit8)

.sdata
 *(.sdata)
 *(.sdata.*)
 *(.gnu.linkonce.s*)
                0x0000000000093748                _edata = .
                0x0000000000093748                PROVIDE (edata, .)

.sbss           0x0000000000093780        0x0
                0x0000000000093780                _fbss = .
 *(.sbss)
 *(.sbss.*)
 *(.gnu.linkonce.sb*)
 *(.scommon)

.bss            0x0000000000093780     0x2e14
 *(.bss)
 .bss           0x0000000000093780      0x448 elfldr.o
 *fill*         0x0000000000093bc8       0x38 00
 .bss           0x0000000000093c00      0x180 crt0.o
 .bss           0x0000000000093d80     0x1800 /opt/ps2dev/ps2sdk/ee/lib/libkernel.a(SifRpcMain.o)
 .bss           0x0000000000095580      0x280 /opt/ps2dev/ps2sdk/ee/lib/libkernel.a(sif_cmd_main.o)
 *(.bss.*)
 *(.gnu.linkonce.b*)
 *(COMMON)
 COMMON         0x0000000000095800       0x20 /opt/ps2dev/ps2sdk/ee/lib/libkernel.a(sif_cmd_main.o)
                                          0x0 (size before relaxing)
                0x0000000000095800                _sif_cmd_data
 *fill*         0x0000000000095820       0x20 00
 COMMON         0x0000000000095840      0x900 /opt/ps2dev/ps2sdk/ee/lib/libkernel.a(__fio_internals.o)
                                          0x0 (size before relaxing)
                0x0000000000095840                _fio_cd
                0x0000000000095880                _fio_intr_data
                0x0000000000095900                _fio_block_mode
                0x0000000000095940                _fio_recv_data
 COMMON         0x0000000000096140       0x28 /opt/ps2dev/ps2sdk/ee/lib/libkernel.a(SifLoadFileInit.o)
                                          0x0 (size before relaxing)
                0x0000000000096140                _lf_cd
 COMMON         0x0000000000096168       0x28 /opt/ps2dev/ps2sdk/ee/lib/libkernel.a(SifInitIopHeap.o)
                                          0x0 (size before relaxing)
                0x0000000000096168                _ih_cd
 COMMON         0x0000000000096190      0x400 /opt/ps2dev/ps2sdk/ee/lib/libkernel.a(_thread_internals.o)
                                          0x0 (size before relaxing)
                0x0000000000096190                stack
 COMMON         0x0000000000096590        0x4 /opt/ps2dev/ps2sdk/ee/lib/libkernel.a(_exit_internals.o)
                                          0x0 (size before relaxing)
                0x0000000000096590                _kExecArg
                0x0000000000096594                _end_bss = .
                0x0000000000096594                _end = .
                0x0000000000096594                PROVIDE (end, .)
                0xffffffffffffffff                PROVIDE (_heap_size, 0xffffffffffffffff)
                0xffffffffffffffff                PROVIDE (_stack, 0xffffffffffffffff)
                0x0000000000020000                PROVIDE (_stack_size, 0x20000)
OUTPUT(elfldr.elf elf32-littlemips)

.mdebug

.mdebug.eabi64  0x0000000000000000        0x0

.comment        0x0000000000000000      0x2d0
 .comment       0x0000000000000000       0x12 elfldr.o
 .comment       0x0000000000000012       0x12 /opt/ps2dev/ps2sdk/ee/lib/libkernel.a(SifRpcMain.o)
 .comment       0x0000000000000024       0x12 /opt/ps2dev/ps2sdk/ee/lib/libkernel.a(_rpc_get_fpacket.o)
 .comment       0x0000000000000036       0x12 /opt/ps2dev/ps2sdk/ee/lib/libkernel.a(fio_init.o)
 .comment       0x0000000000000048       0x12 /opt/ps2dev/ps2sdk/ee/lib/libkernel.a(fio_exit.o)
 .comment       0x000000000000005a       0x12 /opt/ps2dev/ps2sdk/ee/lib/libkernel.a(fio_open.o)
 .comment       0x000000000000006c       0x12 /opt/ps2dev/ps2sdk/ee/lib/libkernel.a(fio_close.o)
 .comment       0x000000000000007e       0x12 /opt/ps2dev/ps2sdk/ee/lib/libkernel.a(fio_read.o)
 .comment       0x0000000000000090       0x12 /opt/ps2dev/ps2sdk/ee/lib/libkernel.a(fio_lseek.o)
 .comment       0x00000000000000a2       0x12 /opt/ps2dev/ps2sdk/ee/lib/libkernel.a(_fio_read_intr.o)
 .comment       0x00000000000000b4       0x12 /opt/ps2dev/ps2sdk/ee/lib/libkernel.a(SifLoadFileExit.o)
 .comment       0x00000000000000c6       0x12 /opt/ps2dev/ps2sdk/ee/lib/libkernel.a(SifExitIopHeap.o)
 .comment       0x00000000000000d8       0x12 /opt/ps2dev/ps2sdk/ee/lib/libkernel.a(__iop_control_internals.o)
 .comment       0x00000000000000ea       0x12 /opt/ps2dev/ps2sdk/ee/lib/libkernel.a(DIntr.o)
 .comment       0x00000000000000fc       0x12 /opt/ps2dev/ps2sdk/ee/lib/libkernel.a(EIntr.o)
 .comment       0x000000000000010e       0x12 /opt/ps2dev/ps2sdk/ee/lib/libkernel.a(iWakeupThread.o)
 .comment       0x0000000000000120       0x12 /opt/ps2dev/ps2sdk/ee/lib/libkernel.a(ExecPS2.o)
 .comment       0x0000000000000132       0x12 /opt/ps2dev/ps2sdk/ee/lib/libkernel.a(sif_cmd_send.o)
 .comment       0x0000000000000144       0x12 /opt/ps2dev/ps2sdk/ee/lib/libkernel.a(sif_cmd_main.o)
 .comment       0x0000000000000156       0x12 /opt/ps2dev/ps2sdk/ee/lib/libkernel.a(sif_cmd_client.o)
 .comment       0x0000000000000168       0x12 /opt/ps2dev/ps2sdk/ee/lib/libkernel.a(sif_sreg_get.o)
 .comment       0x000000000000017a       0x12 /opt/ps2dev/ps2sdk/ee/lib/libkernel.a(SifBindRpc.o)
 .comment       0x000000000000018c       0x12 /opt/ps2dev/ps2sdk/ee/lib/libkernel.a(SifCallRpc.o)
 .comment       0x000000000000019e       0x12 /opt/ps2dev/ps2sdk/ee/lib/libkernel.a(_rpc_get_packet.o)
 .comment       0x00000000000001b0       0x12 /opt/ps2dev/ps2sdk/ee/lib/libkernel.a(__fio_internals.o)
 .comment       0x00000000000001c2       0x12 /opt/ps2dev/ps2sdk/ee/lib/libkernel.a(_fio_intr.o)
 .comment       0x00000000000001d4       0x12 /opt/ps2dev/ps2sdk/ee/lib/libkernel.a(SifLoadFileInit.o)
 .comment       0x00000000000001e6       0x12 /opt/ps2dev/ps2sdk/ee/lib/libkernel.a(SifInitIopHeap.o)
 .comment       0x00000000000001f8       0x12 /opt/ps2dev/ps2sdk/ee/lib/libkernel.a(EnableDmac.o)
 .comment       0x000000000000020a       0x12 /opt/ps2dev/ps2sdk/ee/lib/libkernel.a(DisableDmac.o)
 .comment       0x000000000000021c       0x12 /opt/ps2dev/ps2sdk/ee/lib/libkernel.a(TerminateLibrary.o)
 .comment       0x000000000000022e       0x12 /opt/ps2dev/ps2sdk/ee/lib/libkernel.a(_thread_internals.o)
 .comment       0x0000000000000240       0x12 /opt/ps2dev/ps2sdk/ee/lib/libkernel.a(tlbfunc.o)
 .comment       0x0000000000000252       0x12 /opt/ps2dev/ps2sdk/ee/lib/libkernel.a(tlbsrc_bin.o)
 .comment       0x0000000000000264       0x12 /opt/ps2dev/ps2sdk/ee/lib/libkernel.a(_exit_internals.o)
 .comment       0x0000000000000276       0x12 /opt/ps2dev/ps2sdk/ee/lib/libkernel.a(SetArg.o)
 .comment       0x0000000000000288       0x12 /opt/ps2dev/ps2sdk/ee/lib/libkernel.a(Exit.o)
 .comment       0x000000000000029a       0x12 /opt/ps2dev/ps2sdk/ee/lib/libkernel.a(kCopy.o)
 .comment       0x00000000000002ac       0x12 /opt/ps2dev/ps2sdk/ee/lib/libkernel.a(kCopyBytes.o)
 .comment       0x00000000000002be       0x12 /opt/ps2dev/ps2sdk/ee/lib/libkernel.a(_sif_cmd_int_handler.o)
